
    -----------------------------------------------------------------------
          Psi4: An Open-Source Ab Initio Electronic Structure Package
                               Psi4 undefined 

                         Git: Rev {fcidump_sym} 63eae05 dirty


    R. M. Parrish, L. A. Burns, D. G. A. Smith, A. C. Simmonett,
    A. E. DePrince III, E. G. Hohenstein, U. Bozkaya, A. Yu. Sokolov,
    R. Di Remigio, R. M. Richard, J. F. Gonthier, A. M. James,
    H. R. McAlexander, A. Kumar, M. Saitow, X. Wang, B. P. Pritchard,
    P. Verma, H. F. Schaefer III, K. Patkowski, R. A. King, E. F. Valeev,
    F. A. Evangelista, J. M. Turney, T. D. Crawford, and C. D. Sherrill,
    J. Chem. Theory Comput. 13(7) pp 3185--3197 (2017).
    (doi: 10.1021/acs.jctc.7b00174)


                         Additional Contributions by
    P. Kraus, H. Kruse, M. H. Lechner, M. C. Schieber, R. A. Shaw,
    A. Alenaizan, R. Galvelis, Z. L. Glick, S. Lehtola, and J. P. Misiewicz

    -----------------------------------------------------------------------


    Psi4 started on: Wednesday, 08 July 2020 09:46PM

    Process ID: 31164
    Host:       CHE-FEVANGE-01I (2)
    PSIDATADIR: /Users/fevange/Source/psi4/objdir-Debug/stage/share/psi4
    Memory:     500.0 MiB
    Threads:    1
    
  ==> Input File <==

--------------------------------------------------------------------------
#! CASSCF on HF with no symmetry

import forte

refscf          = -99.87285247289

memory 500 mb

molecule HF{
  0 1
  F
  H  1 R
  R = 1.50
  symmetry c1
}

set globals {
    basis           cc-pvdz
    scf_type        out_of_core
    reference       RHF
    e_convergence   1e-10
    d_convergence   1e-10
    frozen_docc     [0]
    restricted_docc [4]
    active          [2]
}
scf,wfn = energy('scf', return_wfn=True)
fcidump(wfn,oe_ints=['EIGENVALUES'],write_pntgrp=True)
--------------------------------------------------------------------------

  Memory set to 476.837 MiB by Python driver.

Scratch directory: /tmp/

*** tstart() called on CHE-FEVANGE-01I (2)
*** at Wed Jul  8 21:46:00 2020

   => Loading Basis Set <=

    Name: CC-PVDZ
    Role: ORBITAL
    Keyword: BASIS
    atoms 1 entry F          line   228 file /Users/fevange/Source/psi4/objdir-Debug/stage/share/psi4/basis/cc-pvdz.gbs 
    atoms 2 entry H          line    22 file /Users/fevange/Source/psi4/objdir-Debug/stage/share/psi4/basis/cc-pvdz.gbs 


         ---------------------------------------------------------
                                   SCF
               by Justin Turney, Rob Parrish, Andy Simmonett
                          and Daniel G. A. Smith
                              RHF Reference
                        1 Threads,    476 MiB Core
         ---------------------------------------------------------

  ==> Geometry <==

    Molecular point group: c1
    Full point group: C_inf_v

    Geometry (in Angstrom), charge = 0, multiplicity = 1:

       Center              X                  Y                   Z               Mass       
    ------------   -----------------  -----------------  -----------------  -----------------
         F            0.000000000000     0.000000000000    -0.075563346255    18.998403162730
         H            0.000000000000     0.000000000000     1.424436653745     1.007825032230

  Running in c1 symmetry.

  Rotational constants: A = ************  B =      7.82847  C =      7.82847 [cm^-1]
  Rotational constants: A = ************  B = 234691.66104  C = 234691.66104 [MHz]
  Nuclear repulsion =    3.175063264020000

  Charge       = 0
  Multiplicity = 1
  Electrons    = 10
  Nalpha       = 5
  Nbeta        = 5

  ==> Algorithm <==

  SCF Algorithm Type is OUT_OF_CORE.
  DIIS enabled.
  MOM disabled.
  Fractional occupation disabled.
  Guess Type is SAD.
  Energy threshold   = 1.00e-10
  Density threshold  = 1.00e-10
  Integral threshold = 0.00e+00

  ==> Primary Basis <==

  Basis Set: CC-PVDZ
    Blend: CC-PVDZ
    Number of shells: 9
    Number of basis function: 19
    Number of Cartesian functions: 20
    Spherical Harmonics?: true
    Max angular momentum: 2

  ==> Integral Setup <==

  ==> DiskJK: Disk-Based J/K Matrices <==

    J tasked:                  Yes
    K tasked:                  Yes
    wK tasked:                  No
    Memory [MiB]:              357
    Schwarz Cutoff:          1E-12

  Minimum eigenvalue in the overlap matrix is 1.3340269817E-01.
  Reciprocal condition number of the overlap matrix is 5.7946734818E-02.
    Using symmetric orthogonalization.

  ==> Pre-Iterations <==

  SCF Guess: Superposition of Atomic Densities via on-the-fly atomic UHF (no occupation information).

   -------------------------
    Irrep   Nso     Nmo    
   -------------------------
     A         19      19 
   -------------------------
    Total      19      19
   -------------------------

  ==> Iterations <==

                        Total Energy        Delta E     RMS |[F,P]|

   @RHF iter SAD:   -99.27377642284318   -9.92738e+01   0.00000e+00 
   @RHF iter   1:   -99.77292217081036   -4.99146e-01   2.17770e-02 DIIS
   @RHF iter   2:   -99.82685211910642   -5.39299e-02   2.06500e-02 DIIS
   @RHF iter   3:   -99.87047408765770   -4.36220e-02   2.92061e-03 DIIS
   @RHF iter   4:   -99.87267422470393   -2.20014e-03   8.77453e-04 DIIS
   @RHF iter   5:   -99.87284986388013   -1.75639e-04   8.42571e-05 DIIS
   @RHF iter   6:   -99.87285244146348   -2.57758e-06   1.08228e-05 DIIS
   @RHF iter   7:   -99.87285247416509   -3.27016e-08   1.46985e-06 DIIS
   @RHF iter   8:   -99.87285247448804   -3.22956e-10   1.88678e-07 DIIS
   @RHF iter   9:   -99.87285247449552   -7.47491e-12   1.53054e-08 DIIS
   @RHF iter  10:   -99.87285247449555   -2.84217e-14   4.68088e-10 DIIS
   @RHF iter  11:   -99.87285247449566   -1.13687e-13   6.57326e-11 DIIS
  Energy and wave function converged.


  ==> Post-Iterations <==

    Orbital Energies [Eh]
    ---------------------

    Doubly Occupied:                                                      

       1A    -26.279422     2A     -1.484580     3A     -0.593977  
       4A     -0.593977     5A     -0.565055  

    Virtual:                                                              

       6A      0.016621     7A      0.576770     8A      1.315282  
       9A      1.315282    10A      1.463904    11A      1.599282  
      12A      1.599282    13A      1.633070    14A      2.300773  
      15A      4.038213    16A      4.038213    17A      4.041123  
      18A      4.041123    19A      4.220284  

    Final Occupation by Irrep:
              A 
    DOCC [     5 ]

  @RHF Final Energy:   -99.87285247449566

   => Energetics <=

    Nuclear Repulsion Energy =              3.1750632640200003
    One-Electron Energy =                -147.0618097618362583
    Two-Electron Energy =                  44.0138940233205957
    Total Energy =                        -99.8728524744956587

Computation Completed


Properties will be evaluated at   0.000000,   0.000000,   0.000000 [a0]

Properties computed using the SCF density matrix

  Nuclear Dipole Moment: [e a0]
     X:     0.0000      Y:     0.0000      Z:     1.4066

  Electronic Dipole Moment: [e a0]
     X:    -0.0000      Y:     0.0000      Z:    -0.2428

  Dipole Moment: [e a0]
     X:    -0.0000      Y:     0.0000      Z:     1.1639     Total:     1.1639

  Dipole Moment: [D]
     X:    -0.0000      Y:     0.0000      Z:     2.9583     Total:     2.9583


*** tstop() called on CHE-FEVANGE-01I (2) at Wed Jul  8 21:46:00 2020
Module time:
	user time   =       0.49 seconds =       0.01 minutes
	system time =       0.03 seconds =       0.00 minutes
	total time  =          0 seconds =       0.00 minutes
Total time:
	user time   =       0.49 seconds =       0.01 minutes
	system time =       0.03 seconds =       0.00 minutes
	total time  =          0 seconds =       0.00 minutes
Writing integrals in FCIDUMP format to INTDUMP
	Presorting SO-basis two-electron integrals.
	Sorting File: SO Ints (nn|nn) nbuckets = 1
	Transforming the one-electron integrals and constructing Fock matrices
	Starting first half-transformation.
	Sorting half-transformed integrals.
	First half integral transformation complete.
	Starting second half-transformation.
	Two-electron integral transformation complete.
Integral transformation complete!
Writing TEI integrals in FCIDUMP format to INTDUMP
Writing frozen core operator in FCIDUMP format to INTDUMP
Writing orbital energies in FCIDUMP format to INTDUMP
Writing frozen core + nuclear repulsion energy in FCIDUMP format to INTDUMP
Done generating INTDUMP with integrals in FCIDUMP format.

    Psi4 stopped on: Wednesday, 08 July 2020 09:46PM
    Psi4 wall time for execution: 0:00:00.70

*** Psi4 exiting successfully. Buy a developer a beer!
