    -----------------------------------------------------------------------
          Psi4: An Open-Source Ab Initio Electronic Structure Package
                              Psi4 0.1.233 Driver

                          Git: Rev {detached?} ced593a dirty

    J. M. Turney, A. C. Simmonett, R. M. Parrish, E. G. Hohenstein,
    F. A. Evangelista, J. T. Fermann, B. J. Mintz, L. A. Burns, J. J. Wilke,
    M. L. Abrams, N. J. Russ, M. L. Leininger, C. L. Janssen, E. T. Seidl,
    W. D. Allen, H. F. Schaefer, R. A. King, E. F. Valeev, C. D. Sherrill,
    and T. D. Crawford, WIREs Comput. Mol. Sci. 2, 556-565 (2012)
    (doi: 10.1002/wcms.93)

                         Additional Contributions by
    A. E. DePrince, M. Saitow, U. Bozkaya, A. Yu. Sokolov
    -----------------------------------------------------------------------


    Psi4 started on: 12-13-2015  03:02:10 PM EST

    Process ID:  65393
    PSI4DATADIR: /Users/kevinhannon/Programs/psi4cmake/psi4/lib
    Memory level set to 256.000 MB

  ==> Input File <==

--------------------------------------------------------------------------
dsrg_mrpt2_energy = -377.91091517522
import forte

molecule mol{
0 3
 C    1.44369768    -4.66305528   0.0000
 C   -1.44369768    -4.66305528   0.0000
 C   -2.58365462    -2.43626592   0.0000
 C   -1.46531074    -0.09358884   0.0000
 C    1.46531074    -0.09358884   0.0000
 C    2.58365462    -2.43626592   0.0000
 C    2.65860246     2.30113350   0.0000
 C    1.33027358     4.54730911   0.0000
 C   -1.33027358     4.54730911   0.0000
 C   -2.65860246     2.30113350   0.0000
 H    2.27824793    -6.54344554   0.0000
 H   -2.27824793    -6.54344554   0.0000
 H    4.71751615     2.31586259   0.0000
 H    2.35947164     6.33428253   0.0000
 H   -2.35947164     6.33428253   0.0000
 H   -4.71751615     2.31586259   0.0000
 #symmetry c1
units bohr
}

set globals{
   reference               ROHF
   basis                   3-21g
   scf_type                DF
   df_basis_mp2            cc-pvdz-ri
   df_basis_scf            cc-pvdz-jkfit
   d_convergence           12
   e_convergence           12
   maxiter                 1000
   #docc                     [32]
   docc                     [15, 2, 12, 3]
   socc                     [1, 0,  1,  0]
   #socc                     [2]

}
energy('scf')
set forte {
   frozen_docc             [5, 0, 5, 0]
   restricted_docc         [10, 2, 7, 0]
   active                  [1, 0, 1, 5]
   #frozen_docc              [10]
   #restricted_docc          [17]
   #active                   [7]
   root_sym                0
   nroot                   1
   root                    0
   dsrg_s                  0.5
   int_type                DF
   multiplicity            1
   ccvv_algorithm          fly_ambit
   job_type                three-dsrg-mrpt2
   FCI_ITERATIONS          50

}

set_num_threads(1)
no_symmetry = energy('forte')
compare_values(no_symmetry, dsrg_mrpt2_energy, 10, "TESTED ROTATION")

--------------------------------------------------------------------------
/Users/kevinhannon/Programs/forte/forte.so loaded.

*** tstart() called on dhcp190-165.emerson.emory.edu
*** at Sun Dec 13 15:02:10 2015


         ---------------------------------------------------------
                                   SCF
            by Justin Turney, Rob Parrish, and Andy Simmonett
                             ROHF Reference
                        1 Threads,    256 MiB Core
         ---------------------------------------------------------

  ==> Geometry <==

    Molecular point group: c2v
    Full point group: C2v

    Geometry (in Bohr), charge = 0, multiplicity = 3:

       Center              X                  Y                   Z       
    ------------   -----------------  -----------------  -----------------
           C          1.443697680000     0.000000000000    -4.631155665052
           C         -1.443697680000    -0.000000000000    -4.631155665052
           C         -2.583654620000    -0.000000000000    -2.404366305052
           C         -1.465310740000    -0.000000000000    -0.061689225052
           C          1.465310740000     0.000000000000    -0.061689225052
           C          2.583654620000     0.000000000000    -2.404366305052
           C          2.658602460000     0.000000000000     2.333033114948
           C          1.330273580000     0.000000000000     4.579208724948
           C         -1.330273580000    -0.000000000000     4.579208724948
           C         -2.658602460000    -0.000000000000     2.333033114948
           H          2.278247930000     0.000000000000    -6.511545925052
           H         -2.278247930000    -0.000000000000    -6.511545925052
           H          4.717516150000     0.000000000000     2.347762204948
           H          2.359471640000     0.000000000000     6.366182144948
           H         -2.359471640000    -0.000000000000     6.366182144948
           H         -4.717516150000    -0.000000000000     2.347762204948

  Running in c2v symmetry.

  Rotational constants: A =      0.11140  B =      0.04107  C =      0.03001 [cm^-1]
  Rotational constants: A =   3339.58543  B =   1231.28747  C =    899.60710 [MHz]
  Nuclear repulsion =  430.474778744339631

  Charge       = 0
  Multiplicity = 3
  Electrons    = 66
  Nalpha       = 34
  Nbeta        = 32

  ==> Algorithm <==

  SCF Algorithm Type is DF.
  DIIS enabled.
  MOM disabled.
  Fractional occupation disabled.
  Guess Type is CORE.
  Energy threshold   = 1.00e-12
  Density threshold  = 1.00e-12
  Integral threshold = 0.00e+00

  ==> Primary Basis <==

  Basis Set: 3-21G
    Number of shells: 62
    Number of basis function: 102
    Number of Cartesian functions: 102
    Spherical Harmonics?: false
    Max angular momentum: 1

  ==> Pre-Iterations <==

   -------------------------------------------------------
    Irrep   Nso     Nmo     Nalpha   Nbeta   Ndocc  Nsocc
   -------------------------------------------------------
     A1        41      41      16      15      15       1
     A2        10      10       2       2       2       0
     B1        41      41      13      12      12       1
     B2        10      10       3       3       3       0
   -------------------------------------------------------
    Total     102     102      34      32      32       2
   -------------------------------------------------------

 OEINTS: Overlap, kinetic, potential, dipole, and quadrupole integrals
         stored in file 35.

  ==> Integral Setup <==

  ==> DFJK: Density-Fitted J/K Matrices <==

    J tasked:                  Yes
    K tasked:                  Yes
    wK tasked:                  No
    OpenMP threads:              1
    Integrals threads:           1
    Memory (MB):               183
    Algorithm:                Core
    Integral Cache:           NONE
    Schwarz Cutoff:          1E-12
    Fitting Condition:       1E-12

   => Auxiliary Basis Set <=

  Basis Set: CC-PVDZ-JKFIT
    Number of shells: 294
    Number of basis function: 960
    Number of Cartesian functions: 960
    Spherical Harmonics?: false
    Max angular momentum: 3

  Minimum eigenvalue in the overlap matrix is 1.2669598761E-03.
  Using Symmetric Orthogonalization.
  SCF Guess: Core (One-Electron) Hamiltonian.

  ==> Iterations <==

                           Total Energy        Delta E     RMS |[F,P]|

   @DF-ROHF iter   1:  -314.78507424259027   -3.14785e+02   1.94874e-01 
   @DF-ROHF iter   2:  -296.90881585388951    1.78763e+01   2.50270e-01 DIIS
   @DF-ROHF iter   3:  -353.46958124251245   -5.65608e+01   1.97340e-01 DIIS
   @DF-ROHF iter   4:  -335.21765606437594    1.82519e+01   2.72839e-01 DIIS
   @DF-ROHF iter   5:  -359.88741406890068   -2.46698e+01   1.83700e-01 DIIS
   @DF-ROHF iter   6:  -356.97367836953703    2.91374e+00   2.05154e-01 DIIS
   @DF-ROHF iter   7:  -357.10987537121952   -1.36197e-01   2.04828e-01 DIIS
   @DF-ROHF iter   8:  -357.12858310044186   -1.87077e-02   2.04757e-01 DIIS
   @DF-ROHF iter   9:  -357.56871072112148   -4.40128e-01   1.99178e-01 DIIS
   @DF-ROHF iter  10:  -357.56862331653343    8.74046e-05   1.99215e-01 DIIS
   @DF-ROHF iter  11:  -357.55166561540346    1.69577e-02   1.98927e-01 DIIS
   @DF-ROHF iter  12:  -357.55125651077327    4.09105e-04   1.98891e-01 DIIS
   @DF-ROHF iter  13:  -377.95695342508697   -2.04057e+01   5.95355e-02 DIIS
   @DF-ROHF iter  14:  -378.79714938390993   -8.40196e-01   5.18719e-02 DIIS
   @DF-ROHF iter  15:  -378.87595797120224   -7.88086e-02   5.10749e-02 DIIS
   @DF-ROHF iter  16:  -378.89868839203479   -2.27304e-02   5.09189e-02 DIIS
   @DF-ROHF iter  17:  -378.90485800739947   -6.16962e-03   5.08120e-02 DIIS
   @DF-ROHF iter  18:  -378.92077008447581   -1.59121e-02   5.03864e-02 DIIS
   @DF-ROHF iter  19:  -379.04632946195528   -1.25559e-01   4.69384e-02 DIIS
   @DF-ROHF iter  20:  -379.26695612137740   -2.20627e-01   3.91399e-02 DIIS
   @DF-ROHF iter  21:  -379.57888190135697   -3.11926e-01   2.73811e-02 DIIS
   @DF-ROHF iter  22:  -379.85835439332897   -2.79472e-01   5.13814e-03 DIIS
   @DF-ROHF iter  23:  -379.88530479828768   -2.69504e-02   3.92531e-03 DIIS
   @DF-ROHF iter  24:  -379.88775328458661   -2.44849e-03   1.88836e-03 DIIS
   @DF-ROHF iter  25:  -379.88900803389328   -1.25475e-03   3.76610e-04 DIIS
   @DF-ROHF iter  26:  -379.88917364684261   -1.65613e-04   6.06207e-05 DIIS
   @DF-ROHF iter  27:  -379.88919721568828   -2.35688e-05   3.07650e-05 DIIS
   @DF-ROHF iter  28:  -379.88920891319782   -1.16975e-05   1.29866e-05 DIIS
   @DF-ROHF iter  29:  -379.88921140105782   -2.48786e-06   4.32188e-06 DIIS
   @DF-ROHF iter  30:  -379.88921173088823   -3.29830e-07   1.77231e-06 DIIS
   @DF-ROHF iter  31:  -379.88921174426872   -1.33805e-08   4.45208e-07 DIIS
   @DF-ROHF iter  32:  -379.88921174503133   -7.62611e-10   1.46805e-07 DIIS
   @DF-ROHF iter  33:  -379.88921174507942   -4.80895e-11   2.92291e-08 DIIS
   @DF-ROHF iter  34:  -379.88921174508215   -2.72848e-12   7.21633e-09 DIIS
   @DF-ROHF iter  35:  -379.88921174508283   -6.82121e-13   3.01372e-09 DIIS
   @DF-ROHF iter  36:  -379.88921174508226    5.68434e-13   1.19505e-09 DIIS
   @DF-ROHF iter  37:  -379.88921174508238   -1.13687e-13   2.20333e-10 DIIS
   @DF-ROHF iter  38:  -379.88921174508249   -1.13687e-13   7.63455e-11 DIIS
   @DF-ROHF iter  39:  -379.88921174508272   -2.27374e-13   2.51986e-11 DIIS
   @DF-ROHF iter  40:  -379.88921174508295   -2.27374e-13   9.16020e-12 DIIS
   @DF-ROHF iter  41:  -379.88921174508226    6.82121e-13   3.83075e-12 DIIS
   @DF-ROHF iter  42:  -379.88921174508249   -2.27374e-13   1.83037e-12 DIIS
   @DF-ROHF iter  43:  -379.88921174508249    0.00000e+00   8.85132e-13 DIIS

  ==> Post-Iterations <==

    Orbital Energies (a.u.)
    -----------------------

    Doubly Occupied:                                                      

       1B1   -11.217170     1A1   -11.216911     2B1   -11.202343  
       2A1   -11.201959     3B1   -11.201241     3A1   -11.200989  
       4B1   -11.195255     4A1   -11.195110     5B1   -11.193771  
       5A1   -11.193252     6A1    -1.179673     7A1    -1.118587  
       6B1    -1.055315     8A1    -1.008939     7B1    -0.989315  
       9A1    -0.859385     8B1    -0.859247    10A1    -0.767218  
       9B1    -0.722099    11A1    -0.701533    12A1    -0.638284  
      13A1    -0.611548    10B1    -0.611073    11B1    -0.588554  
      14A1    -0.584996     1B2    -0.545551    12B1    -0.521826  
      15A1    -0.496684     2B2    -0.458489     1A2    -0.412439  
       3B2    -0.319618     2A2    -0.303802  

    Singly Occupied:                                                      

      13B1    -0.177786    16A1    -0.115873  

    Virtual:                                                              

       4B2     0.094407     3A2     0.099320     5B2     0.219452  
      17A1     0.259466     4A2     0.277635    18A1     0.296636  
      14B1     0.311742    15B1     0.350198    16B1     0.358051  
      19A1     0.358302    17B1     0.414696     5A2     0.418311  
      20A1     0.463288    18B1     0.485712    19B1     0.490480  
      21A1     0.519307    22A1     0.554308    23A1     0.610587  
      20B1     0.691690    21B1     0.740505    22B1     0.781768  
      23B1     0.837509    24A1     0.840669    25A1     0.891195  
       6B2     0.927334    24B1     0.951124     7B2     0.970620  
      26A1     0.977422     6A2     1.010310    27A1     1.025027  
      25B1     1.035449     8B2     1.051263     7A2     1.058714  
      26B1     1.070940    28A1     1.071052     8A2     1.099319  
      29A1     1.109788     9B2     1.117891    30A1     1.131288  
      10B2     1.132083    27B1     1.174128     9A2     1.177052  
      31A1     1.260677    28B1     1.263238    10A2     1.263281  
      29B1     1.297169    32A1     1.309894    30B1     1.344810  
      33A1     1.446558    31B1     1.452300    34A1     1.506534  
      32B1     1.518678    35A1     1.568415    36A1     1.611516  
      33B1     1.658646    34B1     1.706766    35B1     1.732314  
      36B1     1.762585    37A1     1.770051    38A1     1.788482  
      37B1     1.796653    39A1     1.829357    38B1     2.023419  
      39B1     2.126223    40A1     2.151318    41A1     2.259977  
      40B1     2.565676    41B1     2.747198  

    Final Occupation by Irrep:
             A1    A2    B1    B2 
    DOCC [    15,    2,   12,    3 ]
    SOCC [     1,    0,    1,    0 ]

  Energy converged.

  @DF-ROHF Final Energy:  -379.88921174508249

   => Energetics <=

    Nuclear Repulsion Energy =            430.4747787443396305
    One-Electron Energy =               -1365.1062445475849927
    Two-Electron Energy =                 554.7422540581628709
    DFT Exchange-Correlation Energy =       0.0000000000000000
    Empirical Dispersion Energy =           0.0000000000000000
    PCM Polarization Energy =               0.0000000000000000
    EFP Energy =                            0.0000000000000000
    Total Energy =                       -379.8892117450825481

    Alert: EFP and PCM quantities not currently incorporated into SCF psivars.

Properties will be evaluated at   0.000000,   0.000000,   0.000000 Bohr
  ==> Properties <==


Properties computed using the SCF density matrix

  Nuclear Dipole Moment: (a.u.)
     X:    -0.0000      Y:     0.0000      Z:     2.1852

  Electronic Dipole Moment: (a.u.)
     X:     0.0000      Y:     0.0000      Z:    -2.0420

  Dipole Moment: (a.u.)
     X:    -0.0000      Y:     0.0000      Z:     0.1432     Total:     0.1432

  Dipole Moment: (Debye)
     X:    -0.0000      Y:     0.0000      Z:     0.3639     Total:     0.3639


  Saving occupied orbitals to File 180.

*** tstop() called on dhcp190-165.emerson.emory.edu at Sun Dec 13 15:02:27 2015
Module time:
	user time   =      19.66 seconds =       0.33 minutes
	system time =       1.01 seconds =       0.02 minutes
	total time  =         17 seconds =       0.28 minutes
Total time:
	user time   =      19.66 seconds =       0.33 minutes
	system time =       1.01 seconds =       0.02 minutes
	total time  =         17 seconds =       0.28 minutes
Reading options from the FORTE block
Calling plugin /Users/kevinhannon/Programs/forte/forte.so.


  ==> MO Space Information <==

  Read options for space FROZEN_DOCC
  Read options for space RESTRICTED_DOCC
  Read options for space ACTIVE
 Removing orbital 0
 Removing orbital 1
 Removing orbital 2
 Removing orbital 3
 Removing orbital 4
 Removing orbital 51
 Removing orbital 52
 Removing orbital 53
 Removing orbital 54
 Removing orbital 55
  -------------------------------------------------
                       A1    A2    B1    B2   Sum
  -------------------------------------------------
    FROZEN_DOCC         5     0     5     0    10
    RESTRICTED_DOCC    10     2     7     0    19
    ACTIVE              1     0     1     5     7
    RESTRICTED_UOCC    25     8    28     5    66
    FROZEN_UOCC         0     0     0     0     0
    Total              41    10    41    10   102
  -------------------------------------------------

  ==> Integral Transformation <==

  Number of molecular orbitals:              102
  Number of correlated molecular orbitals:    92
  Number of frozen occupied orbitals:         10
  Number of frozen unoccupied orbitals:        0


  DFIntegrals overall time
 Computing Density fitted integrals 

 Number of auxiliary basis functions:  644
 Need 0.049920 GB to store DF integrals

    Computing DF Integrals               ......Done. Timing        2.331814 s
    Seeking DF Integrals                 ......Done. Timing        2.340675 s
   Reading DF Integrals                 . . ....Done. Timing        2.351243 s
  Frozen-core energy           -545.132909788821 a.u.

 FrozenOneBody Operator takes  2.86497000 s
  Resorting integrals after freezing core.
 Done with resorting
 Resorting integrals takes   0.28920600s
  DFIntegrals take      5.69235300 s

                -----------------------------------------------
                  String-based Full Configuration Interaction
                          by Francesco A. Evangelista
                -----------------------------------------------

  Number of electrons: 66
  Charge: 0
  Multiplicity: 1
  Davidson subspace max dim: 8
  Davidson subspace min dim: 2
  M_s: 0

  ==> String Lists <==

  Number of alpha electrons     = 4
  Number of beta electrons      = 4
  Number of alpha strings       = 35
  Number of beta strings        = 35
  Number of alpha strings (N-3) = 7
  Number of beta strings (N-3)  = 7
  Timing for strings        =      0.000 s
  Timing for NN strings     =      0.000 s
  Timing for VO strings     =      0.002 s
  Timing for OO strings     =      0.001 s
  Timing for Knowles-Handy  =      0.001 s
  Timing for VVOO strings   =      0.004 s
  Timing for VOVO strings   =      0.000 s
  Timing for 1-hole strings =      0.000 s
  Timing for 2-hole strings =      0.001 s
  Timing for 3-hole strings =      0.001 s
  Total timing              =      0.006 s

  ==> FCI Solver <==

    Number of determinants                         325
    Symmetry                                         0
    Multiplicity                                     1
    Number of roots                                  1
    Target root                                      0
    Trial vectors per root                          10

 active_mo size = 7
  Allocating memory for the Hamiltonian algorithm. Size: 2 x 10 x 10.   Memory: 0.000001 GB

  Determinant space is spin complete.

  ==> FCI Initial Guess <==

  ---------------------------------------------
    Root            Energy     <S^2>   Spin
  ---------------------------------------------
      0     -379.896458075167  0.000  singlet
      1     -379.708574574000  2.000  triplet
      2     -379.634177452289  0.000  singlet
      3     -379.625551545301  2.000  triplet
      4     -379.535130284385  2.000  triplet
      5     -379.526948113634  0.000  singlet
      6     -379.498934624822  0.000  singlet
      7     -379.464121614594  0.000  singlet
      8     -379.373228396420  0.000  singlet
      9     -379.368352894545  2.000  triplet
     10     -379.292279787405  0.000  singlet
     11     -379.286998777156  2.000  triplet
     12     -379.258763589004  0.000  singlet
     13     -379.239484377534  0.000  singlet
     14     -379.226819785970  2.000  triplet
     15     -379.194355792862  2.000  triplet
     16     -379.193932565294  0.000  singlet
     17     -379.101752209916  2.000  triplet
     18     -379.096852668208  0.000  singlet
     19     -379.065801864059  0.000  singlet
  ---------------------------------------------
  Timing for initial guess  =      0.007 s

  Projecting out root 1
  Projecting out root 3
  Projecting out root 4
  Projecting out root 9
  Projecting out root 11
  Projecting out root 14
  Projecting out root 15
  Projecting out root 17
  ==> Diagonalizing Hamiltonian <==

  ----------------------------------------
    Iter.      Avg. Energy       Delta_E
  ----------------------------------------
      1     -379.896458075167  -3.799e+02
      2     -379.906803405304  -1.035e-02
      3     -379.907207508791  -4.041e-04
      4     -379.907258053945  -5.055e-05
      5     -379.907265040740  -6.987e-06
      6     -379.907265919537  -8.788e-07
      7     -379.907265981014  -6.148e-08
      8     -379.907265986757  -5.743e-09
      9     -379.907265987754  -9.965e-10
     10     -379.907265987859  -1.055e-10
     11     -379.907265987869  -1.023e-11
     12     -379.907265987870  -1.137e-12
     13     -379.907265987871  -1.137e-13
  ----------------------------------------
  The Davidson-Liu algorithm converged in 14 iterations.

  ==> Root No. 0 <==

    0 2 22200     -0.79575068
    2 0 22200      0.59264221

    Total Energy:      -379.907265987870517

  ==> RDMs for Root No. 0 <==

                          ----------------------------
                            Semi-Canonical Orbitals
                            Francesco A. Evangelista
                          ----------------------------


  ==> Integral transformation <==

 Computing Density fitted integrals 

 Number of auxiliary basis functions:  644
 Need 0.049920 GB to store DF integrals

    Computing DF Integrals               ......Done. Timing        2.371387 s
    Seeking DF Integrals                 ......Done. Timing        2.382308 s
   Reading DF Integrals                 . . ....Done. Timing        2.392346 s
  Frozen-core energy           -545.132909788888 a.u.

 FrozenOneBody Operator takes  3.27527400 s
  Resorting integrals after freezing core.
 Done with resorting
 Resorting integrals takes   0.32077600s
 Frozen Orbitals takes 3.61580000 s

                -----------------------------------------------
                  String-based Full Configuration Interaction
                          by Francesco A. Evangelista
                -----------------------------------------------

  Number of electrons: 66
  Charge: 0
  Multiplicity: 1
  Davidson subspace max dim: 8
  Davidson subspace min dim: 2
  M_s: 0

  ==> String Lists <==

  Number of alpha electrons     = 4
  Number of beta electrons      = 4
  Number of alpha strings       = 35
  Number of beta strings        = 35
  Number of alpha strings (N-3) = 7
  Number of beta strings (N-3)  = 7
  Timing for strings        =      0.000 s
  Timing for NN strings     =      0.000 s
  Timing for VO strings     =      0.002 s
  Timing for OO strings     =      0.001 s
  Timing for Knowles-Handy  =      0.001 s
  Timing for VVOO strings   =      0.004 s
  Timing for VOVO strings   =      0.000 s
  Timing for 1-hole strings =      0.000 s
  Timing for 2-hole strings =      0.001 s
  Timing for 3-hole strings =      0.002 s
  Total timing              =      0.006 s

  ==> FCI Solver <==

    Number of determinants                         325
    Symmetry                                         0
    Multiplicity                                     1
    Number of roots                                  1
    Target root                                      0
    Trial vectors per root                          10

 active_mo size = 7
  Allocating memory for the Hamiltonian algorithm. Size: 2 x 10 x 10.   Memory: 0.000001 GB

  Determinant space is spin complete.

  ==> FCI Initial Guess <==

  ---------------------------------------------
    Root            Energy     <S^2>   Spin
  ---------------------------------------------
      0     -379.896433857892  0.000  singlet
      1     -379.708736998317  2.000  triplet
      2     -379.633728950527  0.000  singlet
      3     -379.625377597664  2.000  triplet
      4     -379.535328365008  2.000  triplet
      5     -379.527146230625  0.000  singlet
      6     -379.498895309031  0.000  singlet
      7     -379.463982910002  0.000  singlet
      8     -379.374036509627  0.000  singlet
      9     -379.368575526088  2.000  triplet
     10     -379.292203851260  0.000  singlet
     11     -379.286818796798  2.000  triplet
     12     -379.255827143526  0.000  singlet
     13     -379.239617412336  0.000  singlet
     14     -379.227702217434  2.000  triplet
     15     -379.193913760689  2.000  triplet
     16     -379.193687071661  0.000  singlet
     17     -379.101993179997  2.000  triplet
     18     -379.096992569227  0.000  singlet
     19     -379.065754216436  0.000  singlet
  ---------------------------------------------
  Timing for initial guess  =      0.007 s

  Projecting out root 1
  Projecting out root 3
  Projecting out root 4
  Projecting out root 9
  Projecting out root 11
  Projecting out root 14
  Projecting out root 15
  Projecting out root 17
  ==> Diagonalizing Hamiltonian <==

  ----------------------------------------
    Iter.      Avg. Energy       Delta_E
  ----------------------------------------
      1     -379.896433857891  -3.799e+02
      2     -379.906799384746  -1.037e-02
      3     -379.907207609507  -4.082e-04
      4     -379.907258123775  -5.051e-05
      5     -379.907265034422  -6.911e-06
      6     -379.907265918575  -8.842e-07
      7     -379.907265981018  -6.244e-08
      8     -379.907265987041  -6.023e-09
      9     -379.907265988099  -1.058e-09
     10     -379.907265988210  -1.110e-10
     11     -379.907265988221  -1.091e-11
     12     -379.907265988222  -1.364e-12
     13     -379.907265988222  -1.137e-13
  ----------------------------------------
  The Davidson-Liu algorithm converged in 14 iterations.

  ==> Root No. 0 <==

    0 2 22200     -0.79581860
    2 0 22200      0.59264286

    Total Energy:      -379.907265988222150

  ==> RDMs for Root No. 0 <==

	  ---------------------------------------------------------
	      DF/CD - Driven Similarity Renormalization Group MBPT2
	                   Kevin Hannon and Chenyang (York) Li
	                       1 thread(s) 
	  ---------------------------------------------------------
 Reference = ROHF
  Reference Energy = -379.907265988222150

  ==> Calculation Information <==

    Flow parameter                           5.000e-01
    Cholesky Tolerance                       1.000e-06
    Taylor expansion threshold               1.000e-03
    int_type                                        DF
    ccvv_algorithm                           FLY_AMBIT
    ccvv_source                                 NORMAL
    Computing T2                         ......Done. Timing        1.262995 s
    Renormalizing V                      ......Done. Timing        0.920056 s
    Computing T1                         ......Done. Timing        0.008083 s
    Renormalizing F                      ......Done. Timing        0.007925 s
    Computing <[F, T1]>                  ......Done. Timing        0.003099 s
    Computing <[F, T2]>                  ......Done. Timing        0.003788 s
    Computing <[V, T1]>                  ......Done. Timing        0.003219 s
    Computing <[V, T2]> (C_2)^4 (no ccvv) ......Done. Timing        0.102348 s
    Computing <[V, T2]> (C_2)^4 ccvv     ......Done. Timing        1.453470 s
    Computing <[V, T2]> 4HH              ......Done. Timing        0.026124 s
    Computing <V, T2]> 4PP               ...  Done. Timing        0.108006 s
    Computing [V, T2] 4PH                ...  Done. Timing        0.213930 s
    Computing [V, T2] λ3                ......Done. Timing        0.124852 s

  ==> DSRG-MRPT2 Energy Summary <==

    E0 (reference)                 =   -379.907265988222150
    <[F, T1]>                      =     -0.009827833837907
    <[F, T2]>                      =      0.007888267852904
    <[V, T1]>                      =      0.008883013554372
    <[V, T2]> (C_2)^4              =     -0.872874921571578
    <[V, T2]> C_4 (C_2)^2 HH       =      0.004228409228842
    <[V, T2]> C_4 (C_2)^2 PP       =      0.013058827593428
    <[V, T2]> C_4 (C_2)^2 PH       =      0.052347069304941
    <[V, T2]> C_6 C_2              =     -0.000649763145845
    <[V, T2]>                      =     -0.803890378590212
    DSRG-MRPT2 correlation energy  =     -0.796946931020842
    DSRG-MRPT2 total energy        =   -380.704212919242991
    max(T1)                        =      0.023258695403585
    ||T1||                         =      0.066533710368711


    CD/DF-DSRG-MRPT2 took   4.24149100 s.

  Your calculation took 20.12941300 seconds

PsiException: 	TESTED ROTATION: computed value (-377.91091517522) does not match (-380.70421291924) to 10 decimal places.

