
    -----------------------------------------------------------------------
          Psi4: An Open-Source Ab Initio Electronic Structure Package
                               Psi4 undefined 

                         Git: Rev {fcidump_sym} 00c99be dirty


    R. M. Parrish, L. A. Burns, D. G. A. Smith, A. C. Simmonett,
    A. E. DePrince III, E. G. Hohenstein, U. Bozkaya, A. Yu. Sokolov,
    R. Di Remigio, R. M. Richard, J. F. Gonthier, A. M. James,
    H. R. McAlexander, A. Kumar, M. Saitow, X. Wang, B. P. Pritchard,
    P. Verma, H. F. Schaefer III, K. Patkowski, R. A. King, E. F. Valeev,
    F. A. Evangelista, J. M. Turney, T. D. Crawford, and C. D. Sherrill,
    J. Chem. Theory Comput. 13(7) pp 3185--3197 (2017).
    (doi: 10.1021/acs.jctc.7b00174)


                         Additional Contributions by
    P. Kraus, H. Kruse, M. H. Lechner, M. C. Schieber, R. A. Shaw,
    A. Alenaizan, R. Galvelis, Z. L. Glick, S. Lehtola, and J. P. Misiewicz

    -----------------------------------------------------------------------


    Psi4 started on: Monday, 06 July 2020 09:05PM

    Process ID: 94100
    Host:       CHE-FEVANGE-01I (2)
    PSIDATADIR: /Users/fevange/Source/psi4/objdir-Debug/stage/share/psi4
    Memory:     500.0 MiB
    Threads:    1
    
  ==> Input File <==

--------------------------------------------------------------------------
molecule {
0 1
H
H 1 R
R = 1.5
units bohr
symmetry c1
}

set {
  basis cc-pVDZ
  scf_type pk
  e_convergence 14
}

e, wfn = energy('fci',return_wfn=True)
fcidump(wfn,oe_ints=['EIGENVALUES'])
--------------------------------------------------------------------------

Scratch directory: /tmp/

*** tstart() called on CHE-FEVANGE-01I (2)
*** at Mon Jul  6 21:05:45 2020

   => Loading Basis Set <=

    Name: CC-PVDZ
    Role: ORBITAL
    Keyword: BASIS
    atoms 1-2 entry H          line    22 file /Users/fevange/Source/psi4/objdir-Debug/stage/share/psi4/basis/cc-pvdz.gbs 


         ---------------------------------------------------------
                                   SCF
               by Justin Turney, Rob Parrish, Andy Simmonett
                          and Daniel G. A. Smith
                              RHF Reference
                        1 Threads,    500 MiB Core
         ---------------------------------------------------------

  ==> Geometry <==

    Molecular point group: c1
    Full point group: D_inf_h

    Geometry (in Bohr), charge = 0, multiplicity = 1:

       Center              X                  Y                   Z               Mass       
    ------------   -----------------  -----------------  -----------------  -----------------
         H            0.000000000000     0.000000000000    -0.750000000000     1.007825032230
         H            0.000000000000     0.000000000000     0.750000000000     1.007825032230

  Running in c1 symmetry.

  Rotational constants: A = ************  B =     53.09536  C =     53.09536 [cm^-1]
  Rotational constants: A = ************  B = 1591758.83927  C = 1591758.83927 [MHz]
  Nuclear repulsion =    0.666666666666667

  Charge       = 0
  Multiplicity = 1
  Electrons    = 2
  Nalpha       = 1
  Nbeta        = 1

  ==> Algorithm <==

  SCF Algorithm Type is PK.
  DIIS enabled.
  MOM disabled.
  Fractional occupation disabled.
  Guess Type is SAD.
  Energy threshold   = 1.00e-14
  Density threshold  = 1.00e-08
  Integral threshold = 0.00e+00

  ==> Primary Basis <==

  Basis Set: CC-PVDZ
    Blend: CC-PVDZ
    Number of shells: 6
    Number of basis function: 10
    Number of Cartesian functions: 10
    Spherical Harmonics?: true
    Max angular momentum: 1

  ==> Integral Setup <==

  Using in-core PK algorithm.
   Calculation information:
      Number of atoms:                   2
      Number of AO shells:               6
      Number of primitives:             10
      Number of atomic orbitals:        10
      Number of basis functions:        10

      Integral cutoff                 1.00e-12
      Number of threads:                 1

  Performing in-core PK
  Using 3080 doubles for integral storage.
  We computed 231 shell quartets total.
  Whereas there are 231 unique shell quartets.

  ==> DiskJK: Disk-Based J/K Matrices <==

    J tasked:                  Yes
    K tasked:                  Yes
    wK tasked:                  No
    Memory [MiB]:              375
    Schwarz Cutoff:          1E-12

    OpenMP threads:              1

  Minimum eigenvalue in the overlap matrix is 5.9062958167E-02.
  Reciprocal condition number of the overlap matrix is 1.9224124111E-02.
    Using symmetric orthogonalization.

  ==> Pre-Iterations <==

  SCF Guess: Superposition of Atomic Densities via on-the-fly atomic UHF (no occupation information).

   -------------------------
    Irrep   Nso     Nmo    
   -------------------------
     A         10      10 
   -------------------------
    Total      10      10
   -------------------------

  ==> Iterations <==

                        Total Energy        Delta E     RMS |[F,P]|

   @RHF iter SAD:    -0.85313207757107   -8.53132e-01   0.00000e+00 
   @RHF iter   1:    -1.12496501683451   -2.71833e-01   4.62396e-03 DIIS
   @RHF iter   2:    -1.12729956826461   -2.33455e-03   8.26704e-04 DIIS
   @RHF iter   3:    -1.12737707929063   -7.75110e-05   3.49033e-05 DIIS
   @RHF iter   4:    -1.12737714711159   -6.78210e-08   6.01285e-07 DIIS
   @RHF iter   5:    -1.12737714715250   -4.09139e-11   9.46780e-10 DIIS
   @RHF iter   6:    -1.12737714715250   -2.22045e-15   1.71826e-12 DIIS
  Energy and wave function converged.


  ==> Post-Iterations <==

    Orbital Energies [Eh]
    ---------------------

    Doubly Occupied:                                                      

       1A     -0.576692  

    Virtual:                                                              

       2A      0.186915     3A      0.492173     4A      0.900896  
       5A      1.287793     6A      1.287793     7A      1.903419  
       8A      2.007038     9A      2.007038    10A      3.322654  

    Final Occupation by Irrep:
              A 
    DOCC [     1 ]

  @RHF Final Energy:    -1.12737714715250

   => Energetics <=

    Nuclear Repulsion Energy =              0.6666666666666666
    One-Electron Energy =                  -2.4347033795403261
    Two-Electron Energy =                   0.6406595657211546
    Total Energy =                         -1.1273771471525049

Computation Completed


Properties will be evaluated at   0.000000,   0.000000,   0.000000 [a0]

Properties computed using the SCF density matrix

  Nuclear Dipole Moment: [e a0]
     X:     0.0000      Y:     0.0000      Z:     0.0000

  Electronic Dipole Moment: [e a0]
     X:     0.0000      Y:    -0.0000      Z:     0.0000

  Dipole Moment: [e a0]
     X:     0.0000      Y:    -0.0000      Z:     0.0000     Total:     0.0000

  Dipole Moment: [D]
     X:     0.0000      Y:    -0.0000      Z:     0.0000     Total:     0.0000


*** tstop() called on CHE-FEVANGE-01I (2) at Mon Jul  6 21:05:46 2020
Module time:
	user time   =       0.34 seconds =       0.01 minutes
	system time =       0.01 seconds =       0.00 minutes
	total time  =          1 seconds =       0.02 minutes
Total time:
	user time   =       0.34 seconds =       0.01 minutes
	system time =       0.01 seconds =       0.00 minutes
	total time  =          1 seconds =       0.02 minutes
 MINTS: Wrapper to libmints.
   by Justin Turney

   Calculation information:
      Number of threads:                 1
      Number of atoms:                   2
      Number of AO shells:               6
      Number of SO shells:               6
      Number of primitives:             10
      Number of atomic orbitals:        10
      Number of basis functions:        10

      Number of irreps:                  1
      Integral cutoff                 0.00e+00
      Number of functions per irrep: [  10 ]

 OEINTS: Overlap, kinetic, potential, dipole, and quadrupole integrals
         stored in file 35.

      Computing two-electron integrals...done
      Computed 512 non-zero two-electron integrals.
        Stored in file 33.


         ---------------------------------------------------------
                          Configuration Interaction
                            (a 'D E T C I' module)

                 C. David Sherrill, Daniel G. A. Smith, and
                              Matt L. Leininger
         ---------------------------------------------------------


   ==> Parameters <==

    EX LEVEL       =        2      H0 BLOCKSIZE  =     1000
    VAL EX LEVEL   =        0      H0 GUESS SIZE =     1000
    H0COUPLINGSIZE =        0      H0 COUPLING   =       NO
    MAXITER        =       24      NUM PRINT     =       20
    NUM ROOTS      =        1      ICORE         =        1
    PRINT LVL      =        1      FCI           =      YES
    R CONV         = 1.00e-04      MIXED         =      YES
    E CONV         = 1.00e-14      MIXED4        =      YES
    R4S            =       NO      REPL OTF      =       NO
    DIAG METHOD    =      SEM      FOLLOW ROOT   =        0
    PRECONDITIONER = DAVIDSON      UPDATE        = DAVIDSON
    S              =   0.0000      Ms0           =      YES
    GUESS VECTOR   =  H0BLOCK      OPENTYPE      =     NONE
    COLLAPSE SIZE  =        1      HD AVG        = EVANGELISTI
    MAX NUM VECS   =       25      REF SYM       =     AUTO
    IOPEN        =       NO

    EX ALLOW       =  1  1 
    STATE AVERAGE  =  0(1.00) 

   ==> CI Orbital and Space information <==

   ------------------------------------
               Space    Total     A
   ------------------------------------
                 Nso       10    10
                 Nmo       10    10
               Ndocc        1     1
               Nsocc        0     0
   ------------------------------------
              CI Spaces
   ------------------------------------
        Dropped DOCC        0     0
              Active       10    10
        Dropped UOCC        0     0
   ------------------------------------

   ==> Setting up CI strings <==

    There are 10 alpha and 10 beta strings
    The CI space requires 100 (1.00E+02) determinants and 1 blocks

   ==> Transforming CI integrals <==

	Presorting SO-basis two-electron integrals.
	Sorting File: SO Ints (nn|nn) nbuckets = 1
	Transforming the one-electron integrals and constructing Fock matrices
	Starting first half-transformation.
	Sorting half-transformed integrals.
	First half integral transformation complete.
	Starting second half-transformation.
	Two-electron integral transformation complete.

   ==> Starting CI iterations <==

    H0 Block Eigenvalue =  -1.13087321

    Simultaneous Expansion Method (Block Davidson Method)
    Using 1 initial trial vectors

     Iter   Root       Total Energy       Delta E      C RMS

   @CI  0:     0     -1.130873208045   -1.7975E+00   2.8484E-01  
   @CI  1:     0     -1.162375442528   -3.1502E-02   4.2466E-02  
   @CI  2:     0     -1.162996823665   -6.2138E-04   5.7386E-03  
   @CI  3:     0     -1.163012725905   -1.5902E-05   9.1132E-04  
   @CI  4:     0     -1.163012996452   -2.7055E-07   5.7575E-05  
   @CI  5:     0     -1.163012998003   -1.5505E-09   6.3988E-06  
   @CI  6:     0     -1.163012998021   -1.8531E-11   7.6804E-07  
   @CI  7:     0     -1.163012998022   -2.7245E-13   9.2221E-08  
    Warning: Norm of correction (root 0) is < 1.0E-13
   @CI  8:     0     -1.163012998022   -4.4409E-15   4.5224E-09 c

   ==> Energetics <==

    SCF energy =           -1.127377147152505
    Total CI energy =      -1.163012998021681

   ==> FCI root 0 information <==

    FCI Root 0 energy =    -1.163012998021681

   The 20 most important determinants:

    *   1   -0.990653  (    0,    0)  1AX 
    *   2    0.061690  (    1,    1)  2AX 
    *   3    0.053286  (    3,    3)  4AX 
    *   4    0.050714  (    1,    3)  2AA 4AB 
    *   5    0.050714  (    3,    1)  2AB 4AA 
    *   6    0.050360  (    2,    2)  3AX 
    *   7    0.038616  (    5,    5)  6AX 
    *   8    0.038616  (    4,    4)  5AX 
    *   9    0.015339  (    6,    6)  7AX 
    *  10   -0.014112  (    2,    6)  3AA 7AB 
    *  11   -0.014112  (    6,    2)  3AB 7AA 
    *  12    0.010514  (    3,    9)  4AA 10AB 
    *  13    0.010514  (    9,    3)  4AB 10AA 
    *  14    0.008915  (    8,    8)  9AX 
    *  15    0.008915  (    7,    7)  8AX 
    *  16   -0.007307  (    0,    2)  1AA 3AB 
    *  17   -0.007307  (    2,    0)  1AB 3AA 
    *  18    0.006667  (    1,    9)  2AA 10AB 
    *  19    0.006667  (    9,    1)  2AB 10AA 
    *  20    0.006639  (    9,    9)  10AX 

		 "A good bug is a dead bug" 

			 - Starship Troopers

		 "I didn't write FORTRAN.  That's the problem."

			 - Edward Valeev
Writing integrals in FCIDUMP format to INTDUMP
 MINTS: Wrapper to libmints.
   by Justin Turney

   Calculation information:
      Number of threads:                 1
      Number of atoms:                   2
      Number of AO shells:               6
      Number of SO shells:               6
      Number of primitives:             10
      Number of atomic orbitals:        10
      Number of basis functions:        10

      Number of irreps:                  1
      Integral cutoff                 0.00e+00
      Number of functions per irrep: [  10 ]

 OEINTS: Overlap, kinetic, potential, dipole, and quadrupole integrals
         stored in file 35.

      Computing two-electron integrals...done
      Computed 512 non-zero two-electron integrals.
        Stored in file 33.

	Presorting SO-basis two-electron integrals.
	Sorting File: SO Ints (nn|nn) nbuckets = 1
	Transforming the one-electron integrals and constructing Fock matrices
	Starting first half-transformation.
	Sorting half-transformed integrals.
	First half integral transformation complete.
	Starting second half-transformation.
	Two-electron integral transformation complete.
Integral transformation complete!
Writing TEI integrals in FCIDUMP format to INTDUMP
Writing frozen core operator in FCIDUMP format to INTDUMP
Writing orbital energies in FCIDUMP format to INTDUMP
Writing frozen core + nuclear repulsion energy in FCIDUMP format to INTDUMP
Done generating INTDUMP with integrals in FCIDUMP format.

    Psi4 stopped on: Monday, 06 July 2020 09:05PM
    Psi4 wall time for execution: 0:00:00.53

*** Psi4 exiting successfully. Buy a developer a beer!
