
    -----------------------------------------------------------------------
          Psi4: An Open-Source Ab Initio Electronic Structure Package
                               Psi4 undefined 

                         Git: Rev {master} ff26262 


    D. G. A. Smith, L. A. Burns, A. C. Simmonett, R. M. Parrish,
    M. C. Schieber, R. Galvelis, P. Kraus, H. Kruse, R. Di Remigio,
    A. Alenaizan, A. M. James, S. Lehtola, J. P. Misiewicz, M. Scheurer,
    R. A. Shaw, J. B. Schriber, Y. Xie, Z. L. Glick, D. A. Sirianni,
    J. S. O'Brien, J. M. Waldrop, A. Kumar, E. G. Hohenstein,
    B. P. Pritchard, B. R. Brooks, H. F. Schaefer III, A. Yu. Sokolov,
    K. Patkowski, A. E. DePrince III, U. Bozkaya, R. A. King,
    F. A. Evangelista, J. M. Turney, T. D. Crawford, C. D. Sherrill,
    J. Chem. Phys. 152(18) 184108 (2020). https://doi.org/10.1063/5.0006002

                            Additional Code Authors
    E. T. Seidl, C. L. Janssen, E. F. Valeev, M. L. Leininger,
    J. F. Gonthier, R. M. Richard, H. R. McAlexander, M. Saitow, X. Wang,
    P. Verma, and M. H. Lechner

             Previous Authors, Complete List of Code Contributors,
                       and Citations for Specific Modules
    https://github.com/psi4/psi4/blob/master/codemeta.json
    https://github.com/psi4/psi4/graphs/contributors
    http://psicode.org/psi4manual/master/introduction.html#citing-psifour

    -----------------------------------------------------------------------


    Psi4 started on: Thursday, 17 June 2021 01:27PM

    Process ID: 69440
    Host:       CHE-FEVANGE
    PSIDATADIR: /Users/fevange/Source/psi4/objdir-Debug/stage/share/psi4
    Memory:     500.0 MiB
    Threads:    1
    
  ==> Input File <==

--------------------------------------------------------------------------
molecule {
    H 0.0 0.0 0.0
    F 0.0 0.0 1.0
}

set scf_type df
set basis cc-pVTZ

energy('scf')
--------------------------------------------------------------------------

Scratch directory: /tmp/

*** tstart() called on CHE-FEVANGE
*** at Thu Jun 17 13:27:29 2021

   => Loading Basis Set <=

    Name: CC-PVTZ
    Role: ORBITAL
    Keyword: BASIS
    atoms 1 entry H          line    23 file /Users/fevange/Source/psi4/objdir-Debug/stage/share/psi4/basis/cc-pvtz.gbs 
    atoms 2 entry F          line   300 file /Users/fevange/Source/psi4/objdir-Debug/stage/share/psi4/basis/cc-pvtz.gbs 


         ---------------------------------------------------------
                                   SCF
               by Justin Turney, Rob Parrish, Andy Simmonett
                          and Daniel G. A. Smith
                              RHF Reference
                        1 Threads,    500 MiB Core
         ---------------------------------------------------------

  ==> Geometry <==

    Molecular point group: c2v
    Full point group: C_inf_v

    Geometry (in Angstrom), charge = 0, multiplicity = 1:

       Center              X                  Y                   Z               Mass       
    ------------   -----------------  -----------------  -----------------  -----------------
         H            0.000000000000     0.000000000000    -0.949624435830     1.007825032230
         F            0.000000000000     0.000000000000     0.050375564170    18.998403162730

  Running in c2v symmetry.

  Rotational constants: A = ************  B =     17.61406  C =     17.61406 [cm^-1]
  Rotational constants: A = ************  B = 528056.23735  C = 528056.23735 [MHz]
  Nuclear repulsion =    4.762594896030000

  Charge       = 0
  Multiplicity = 1
  Electrons    = 10
  Nalpha       = 5
  Nbeta        = 5

  ==> Algorithm <==

  SCF Algorithm Type is DF.
  DIIS enabled.
  MOM disabled.
  Fractional occupation disabled.
  Guess Type is SAD.
  Energy threshold   = 1.00e-06
  Density threshold  = 1.00e-06
  Integral threshold = 1.00e-12

  ==> Primary Basis <==

  Basis Set: CC-PVTZ
    Blend: CC-PVTZ
    Number of shells: 16
    Number of basis functions: 44
    Number of Cartesian functions: 50
    Spherical Harmonics?: true
    Max angular momentum: 3

   => Loading Basis Set <=

    Name: (CC-PVTZ AUX)
    Role: JKFIT
    Keyword: DF_BASIS_SCF
    atoms 1 entry H          line    51 file /Users/fevange/Source/psi4/objdir-Debug/stage/share/psi4/basis/cc-pvtz-jkfit.gbs 
    atoms 2 entry F          line   281 file /Users/fevange/Source/psi4/objdir-Debug/stage/share/psi4/basis/cc-pvtz-jkfit.gbs 

  ==> Integral Setup <==

  DFHelper Memory: AOs need 0.002 GiB; user supplied 0.366 GiB. Using in-core AOs.

  ==> MemDFJK: Density-Fitted J/K Matrices <==

    J tasked:                   Yes
    K tasked:                   Yes
    wK tasked:                   No
    OpenMP threads:               1
    Memory [MiB]:               375
    Algorithm:                 Core
    Schwarz Cutoff:           1E-12
    Mask sparsity (%):       0.0000
    Fitting Condition:        1E-10

   => Auxiliary Basis Set <=

  Basis Set: (CC-PVTZ AUX)
    Blend: CC-PVTZ-JKFIT
    Number of shells: 35
    Number of basis functions: 109
    Number of Cartesian functions: 131
    Spherical Harmonics?: true
    Max angular momentum: 4

  Minimum eigenvalue in the overlap matrix is 5.5511406181E-03.
  Reciprocal condition number of the overlap matrix is 1.4606167060E-03.
    Using symmetric orthogonalization.

  ==> Pre-Iterations <==

  SCF Guess: Superposition of Atomic Densities via on-the-fly atomic UHF (no occupation information).

   -------------------------
    Irrep   Nso     Nmo    
   -------------------------
     A1        20      20 
     A2         4       4 
     B1        10      10 
     B2        10      10 
   -------------------------
    Total      44      44
   -------------------------

  ==> Iterations <==

                           Total Energy        Delta E     RMS |[F,P]|

   @DF-RHF iter SAD:   -99.57186582549096   -9.95719e+01   0.00000e+00 
   @DF-RHF iter   1:  -100.00436440690828   -4.32499e-01   1.36443e-02 DIIS
   @DF-RHF iter   2:  -100.03447510772268   -3.01107e-02   9.37870e-03 DIIS
   @DF-RHF iter   3:  -100.04739552393825   -1.29204e-02   8.27759e-04 DIIS
   @DF-RHF iter   4:  -100.04770947414862   -3.13950e-04   2.63520e-04 DIIS
   @DF-RHF iter   5:  -100.04774984412315   -4.03700e-05   5.52753e-05 DIIS
   @DF-RHF iter   6:  -100.04775214292415   -2.29880e-06   8.33097e-06 DIIS
   @DF-RHF iter   7:  -100.04775218911118   -4.61870e-08   7.27098e-07 DIIS
  Energy and wave function converged.


  ==> Post-Iterations <==

    Orbital Energies [Eh]
    ---------------------

    Doubly Occupied:                                                      

       1A1   -26.287062     2A1    -1.567800     3A1    -0.728068  
       1B2    -0.635072     1B1    -0.635072  

    Virtual:                                                              

       4A1     0.128189     5A1     0.510590     2B2     0.822571  
       2B1     0.822571     6A1     0.841680     3B1     1.004238  
       3B2     1.004238     7A1     1.357962     8A1     1.570152  
       9A1     2.241256     1A2     2.241256    10A1     2.411898  
       4B2     2.474849     4B1     2.474849    11A1     3.086473  
      12A1     3.494790     2A2     3.494790     5B2     3.847194  
       5B1     3.847194    13A1     4.172625     6B1     4.185254  
       6B2     4.185254    14A1     4.775654     7B2     5.290102  
       7B1     5.290102    15A1     6.327104     8B1     7.425266  
       8B2     7.425266     3A2     7.534939    16A1     7.534939  
       9B1     8.176672     9B2     8.176672    17A1     8.390057  
       4A2     8.916453    18A1     8.916453    10B2     9.301858  
      10B1     9.301858    19A1     9.665031    20A1    11.708238  

    Final Occupation by Irrep:
             A1    A2    B1    B2 
    DOCC [     3,    0,    1,    1 ]

  @DF-RHF Final Energy:  -100.04775218911118

   => Energetics <=

    Nuclear Repulsion Energy =              4.7625948960300004
    One-Electron Energy =                -149.9145472066131219
    Two-Electron Energy =                  45.1042001214719264
    Total Energy =                       -100.0477521891111792

Computation Completed


Properties will be evaluated at   0.000000,   0.000000,   0.000000 [a0]

Properties computed using the SCF density matrix

  Nuclear Dipole Moment: [e a0]
     X:     0.0000      Y:     0.0000      Z:    -0.9378

  Electronic Dipole Moment: [e a0]
     X:     0.0000      Y:     0.0000      Z:     0.1105

  Dipole Moment: [e a0]
     X:     0.0000      Y:     0.0000      Z:    -0.8273     Total:     0.8273

  Dipole Moment: [D]
     X:     0.0000      Y:     0.0000      Z:    -2.1027     Total:     2.1027


*** tstop() called on CHE-FEVANGE at Thu Jun 17 13:27:30 2021
Module time:
	user time   =       0.65 seconds =       0.01 minutes
	system time =       0.05 seconds =       0.00 minutes
	total time  =          1 seconds =       0.02 minutes
Total time:
	user time   =       0.65 seconds =       0.01 minutes
	system time =       0.05 seconds =       0.00 minutes
	total time  =          1 seconds =       0.02 minutes

    Psi4 stopped on: Thursday, 17 June 2021 01:27PM
    Psi4 wall time for execution: 0:00:00.82

*** Psi4 exiting successfully. Buy a developer a beer!
