
    -----------------------------------------------------------------------
          Psi4: An Open-Source Ab Initio Electronic Structure Package
                               Psi4 undefined 

                         Git: Rev {master} ff26262 


    D. G. A. Smith, L. A. Burns, A. C. Simmonett, R. M. Parrish,
    M. C. Schieber, R. Galvelis, P. Kraus, H. Kruse, R. Di Remigio,
    A. Alenaizan, A. M. James, S. Lehtola, J. P. Misiewicz, M. Scheurer,
    R. A. Shaw, J. B. Schriber, Y. Xie, Z. L. Glick, D. A. Sirianni,
    J. S. O'Brien, J. M. Waldrop, A. Kumar, E. G. Hohenstein,
    B. P. Pritchard, B. R. Brooks, H. F. Schaefer III, A. Yu. Sokolov,
    K. Patkowski, A. E. DePrince III, U. Bozkaya, R. A. King,
    F. A. Evangelista, J. M. Turney, T. D. Crawford, C. D. Sherrill,
    J. Chem. Phys. 152(18) 184108 (2020). https://doi.org/10.1063/5.0006002

                            Additional Code Authors
    E. T. Seidl, C. L. Janssen, E. F. Valeev, M. L. Leininger,
    J. F. Gonthier, R. M. Richard, H. R. McAlexander, M. Saitow, X. Wang,
    P. Verma, and M. H. Lechner

             Previous Authors, Complete List of Code Contributors,
                       and Citations for Specific Modules
    https://github.com/psi4/psi4/blob/master/codemeta.json
    https://github.com/psi4/psi4/graphs/contributors
    http://psicode.org/psi4manual/master/introduction.html#citing-psifour

    -----------------------------------------------------------------------


    Psi4 started on: Wednesday, 16 June 2021 03:10PM

    Process ID: 80255
    Host:       CHE-FEVANGE
    PSIDATADIR: /Users/fevange/Source/psi4/objdir-Debug/stage/share/psi4
    Memory:     500.0 MiB
    Threads:    1
    
  ==> Input File <==

--------------------------------------------------------------------------
molecule {
0 3
C
H 1 1.085
H 1 1.085 2 135.5
}

set scf_type pk
set basis cc-pVDZ
set reference uhf

energy('scf')
--------------------------------------------------------------------------

Scratch directory: /tmp/

*** tstart() called on CHE-FEVANGE
*** at Wed Jun 16 15:10:34 2021

   => Loading Basis Set <=

    Name: CC-PVDZ
    Role: ORBITAL
    Keyword: BASIS
    atoms 1   entry C          line   138 file /Users/fevange/Source/psi4/objdir-Debug/stage/share/psi4/basis/cc-pvdz.gbs 
    atoms 2-3 entry H          line    22 file /Users/fevange/Source/psi4/objdir-Debug/stage/share/psi4/basis/cc-pvdz.gbs 


         ---------------------------------------------------------
                                   SCF
               by Justin Turney, Rob Parrish, Andy Simmonett
                          and Daniel G. A. Smith
                              UHF Reference
                        1 Threads,    500 MiB Core
         ---------------------------------------------------------

  ==> Geometry <==

    Molecular point group: c2v
    Full point group: C2v

    Geometry (in Angstrom), charge = 0, multiplicity = 3:

       Center              X                  Y                   Z               Mass       
    ------------   -----------------  -----------------  -----------------  -----------------
         C            0.000000000000     0.000000000000    -0.059083743566    12.000000000000
         H            0.000000000000    -1.004211446859     0.351750006261     1.007825032230
         H            0.000000000000     1.004211446859     0.351750006261     1.007825032230

  Running in c2v symmetry.

  Rotational constants: A =     57.87368  B =      8.29337  C =      7.25388 [cm^-1]
  Rotational constants: A = 1735009.41259  B = 248628.96811  C = 217465.84665 [MHz]
  Nuclear repulsion =    6.116130155539318

  Charge       = 0
  Multiplicity = 3
  Electrons    = 8
  Nalpha       = 5
  Nbeta        = 3

  ==> Algorithm <==

  SCF Algorithm Type is PK.
  DIIS enabled.
  MOM disabled.
  Fractional occupation disabled.
  Guess Type is SAD.
  Energy threshold   = 1.00e-06
  Density threshold  = 1.00e-06
  Integral threshold = 1.00e-12

  ==> Primary Basis <==

  Basis Set: CC-PVDZ
    Blend: CC-PVDZ
    Number of shells: 12
    Number of basis functions: 24
    Number of Cartesian functions: 25
    Spherical Harmonics?: true
    Max angular momentum: 2

  ==> Integral Setup <==

  Using in-core PK algorithm.
   Calculation information:
      Number of atoms:                   3
      Number of AO shells:              12
      Number of primitives:             32
      Number of atomic orbitals:        25
      Number of basis functions:        24

      Integral cutoff                 1.00e-12
      Number of threads:                 1

  Performing in-core PK
  Using 90300 doubles for integral storage.
  We computed 3081 shell quartets total.
  Whereas there are 3081 unique shell quartets.

  ==> DiskJK: Disk-Based J/K Matrices <==

    J tasked:                  Yes
    K tasked:                  Yes
    wK tasked:                  No
    Memory [MiB]:              375
    Schwarz Cutoff:          1E-12

    OpenMP threads:              1

  Minimum eigenvalue in the overlap matrix is 2.9663535828E-02.
  Reciprocal condition number of the overlap matrix is 9.2981101216E-03.
    Using symmetric orthogonalization.

  ==> Pre-Iterations <==

  SCF Guess: Superposition of Atomic Densities via on-the-fly atomic UHF (no occupation information).

   -------------------------
    Irrep   Nso     Nmo    
   -------------------------
     A1        11      11 
     A2         2       2 
     B1         4       4 
     B2         7       7 
   -------------------------
    Total      24      24
   -------------------------

  ==> Iterations <==

                        Total Energy        Delta E     RMS |[F,P]|

   @UHF iter SAD:   -38.16933119934493   -3.81693e+01   0.00000e+00 
   @UHF iter   1:   -38.91100789966509   -7.41677e-01   9.07315e-03 DIIS
   @UHF iter   2:   -38.92403241940777   -1.30245e-02   3.11017e-03 DIIS
   @UHF iter   3:   -38.92621120587786   -2.17879e-03   1.01725e-03 DIIS
   @UHF iter   4:   -38.92649630220426   -2.85096e-04   4.13096e-04 DIIS
   @UHF iter   5:   -38.92655299322994   -5.66910e-05   1.28664e-04 DIIS
   @UHF iter   6:   -38.92655911478897   -6.12156e-06   2.90389e-05 DIIS
   @UHF iter   7:   -38.92655948222526   -3.67436e-07   9.77519e-06 DIIS
   @UHF iter   8:   -38.92655952123323   -3.90080e-08   1.93356e-06 DIIS
   @UHF iter   9:   -38.92655952236967   -1.13644e-09   3.78594e-07 DIIS
  Energy and wave function converged.


  ==> Post-Iterations <==

   @Spin Contamination Metric:   1.664837140E-02
   @S^2 Expected:                2.000000000E+00
   @S^2 Observed:                2.016648371E+00
   @S   Expected:                1.000000000E+00
   @S   Observed:                1.000000000E+00

    Orbital Energies [Eh]
    ---------------------

    Alpha Occupied:                                                       

       1A1   -11.268340     2A1    -0.945123     1B2    -0.614350  
       3A1    -0.445438     1B1    -0.407004  

    Alpha Virtual:                                                        

       4A1     0.196318     2B2     0.254928     5A1     0.590245  
       2B1     0.655271     6A1     0.672012     3B2     0.683299  
       4B2     0.898368     7A1     0.988917     1A2     1.154865  
       8A1     1.286476     3B1     1.297259     5B2     1.531458  
       9A1     1.724163     4B1     1.863083     6B2     2.098396  
       2A2     2.188767    10A1     2.211688     7B2     2.749411  
      11A1     2.935820  

    Beta Occupied:                                                        

       1A1   -11.219575     2A1    -0.770746     1B2    -0.582786  

    Beta Virtual:                                                         

       3A1     0.136061     1B1     0.159382     4A1     0.222009  
       2B2     0.274148     5A1     0.634718     3B2     0.721880  
       6A1     0.823671     2B1     0.824577     4B2     0.943050  
       7A1     1.049688     1A2     1.227514     8A1     1.426674  
       3B1     1.447813     5B2     1.548139     9A1     1.784643  
       4B1     1.893851     6B2     2.149219     2A2     2.234862  
      10A1     2.237430     7B2     2.767402    11A1     2.962698  

    Final Occupation by Irrep:
             A1    A2    B1    B2 
    DOCC [     2,    0,    0,    1 ]
    SOCC [     1,    0,    1,    0 ]

  @UHF Final Energy:   -38.92655952236967

   => Energetics <=

    Nuclear Repulsion Energy =              6.1161301555393184
    One-Electron Energy =                 -63.8320178321505267
    Two-Electron Energy =                  18.7893281542415451
    Total Energy =                        -38.9265595223696650

  UHF NO Occupations:
  HONO-2 :    2 A1 1.9935904
  HONO-1 :    1 B1 1.0000000
  HONO-0 :    3 A1 1.0000000
  LUNO+0 :    4 A1 0.0064096
  LUNO+1 :    2 B2 0.0019359
  LUNO+2 :    5 A1 0.0000011
  LUNO+3 :    6 A1 0.0000000


Computation Completed


Properties will be evaluated at   0.000000,   0.000000,   0.000000 [a0]

Properties computed using the SCF density matrix

  Nuclear Dipole Moment: [e a0]
     X:     0.0000      Y:     0.0000      Z:     0.6595

  Electronic Dipole Moment: [e a0]
     X:     0.0000      Y:     0.0000      Z:    -0.4453

  Dipole Moment: [e a0]
     X:     0.0000      Y:     0.0000      Z:     0.2142     Total:     0.2142

  Dipole Moment: [D]
     X:     0.0000      Y:     0.0000      Z:     0.5445     Total:     0.5445


*** tstop() called on CHE-FEVANGE at Wed Jun 16 15:10:36 2021
Module time:
	user time   =       0.84 seconds =       0.01 minutes
	system time =       0.04 seconds =       0.00 minutes
	total time  =          2 seconds =       0.03 minutes
Total time:
	user time   =       0.84 seconds =       0.01 minutes
	system time =       0.04 seconds =       0.00 minutes
	total time  =          2 seconds =       0.03 minutes

    Psi4 stopped on: Wednesday, 16 June 2021 03:10PM
    Psi4 wall time for execution: 0:00:01.76

*** Psi4 exiting successfully. Buy a developer a beer!
