
    -----------------------------------------------------------------------
          Psi4: An Open-Source Ab Initio Electronic Structure Package
                               Psi4 undefined 

                         Git: Rev {master} 966d1bd 


    D. G. A. Smith, L. A. Burns, A. C. Simmonett, R. M. Parrish,
    M. C. Schieber, R. Galvelis, P. Kraus, H. Kruse, R. Di Remigio,
    A. Alenaizan, A. M. James, S. Lehtola, J. P. Misiewicz, M. Scheurer,
    R. A. Shaw, J. B. Schriber, Y. Xie, Z. L. Glick, D. A. Sirianni,
    J. S. O'Brien, J. M. Waldrop, A. Kumar, E. G. Hohenstein,
    B. P. Pritchard, B. R. Brooks, H. F. Schaefer III, A. Yu. Sokolov,
    K. Patkowski, A. E. DePrince III, U. Bozkaya, R. A. King,
    F. A. Evangelista, J. M. Turney, T. D. Crawford, C. D. Sherrill,
    J. Chem. Phys. 152(18) 184108 (2020). https://doi.org/10.1063/5.0006002

                            Additional Code Authors
    E. T. Seidl, C. L. Janssen, E. F. Valeev, M. L. Leininger,
    J. F. Gonthier, R. M. Richard, H. R. McAlexander, M. Saitow, X. Wang,
    P. Verma, and M. H. Lechner

             Previous Authors, Complete List of Code Contributors,
                       and Citations for Specific Modules
    https://github.com/psi4/psi4/blob/master/codemeta.json
    https://github.com/psi4/psi4/graphs/contributors
    http://psicode.org/psi4manual/master/introduction.html#citing-psifour

    -----------------------------------------------------------------------


    Psi4 started on: Monday, 31 May 2021 02:22PM

    Process ID: 19594
    Host:       CHE-FEVANGE
    PSIDATADIR: /Users/fevange/Source/psi4/objdir-Debug/stage/share/psi4
    Memory:     500.0 MiB
    Threads:    1
    
  ==> Input File <==

--------------------------------------------------------------------------
molecule {
    H 0.0 0.0 0.0
    H 0.0 0.0 1.0
}

set scf_type pk
set basis cc-pVDZ

set active [1,0,0,0,0,1,0,0] 

energy('casscf')
--------------------------------------------------------------------------

Scratch directory: /tmp/

*** tstart() called on CHE-FEVANGE
*** at Mon May 31 14:22:02 2021

   => Loading Basis Set <=

    Name: CC-PVDZ
    Role: ORBITAL
    Keyword: BASIS
    atoms 1-2 entry H          line    22 file /Users/fevange/Source/psi4/objdir-Debug/stage/share/psi4/basis/cc-pvdz.gbs 


         ---------------------------------------------------------
                                   SCF
               by Justin Turney, Rob Parrish, Andy Simmonett
                          and Daniel G. A. Smith
                              RHF Reference
                        1 Threads,    500 MiB Core
         ---------------------------------------------------------

  ==> Geometry <==

    Molecular point group: d2h
    Full point group: D_inf_h

    Geometry (in Angstrom), charge = 0, multiplicity = 1:

       Center              X                  Y                   Z               Mass       
    ------------   -----------------  -----------------  -----------------  -----------------
         H            0.000000000000     0.000000000000    -0.500000000000     1.007825032230
         H            0.000000000000     0.000000000000     0.500000000000     1.007825032230

  Running in d2h symmetry.

  Rotational constants: A = ************  B =     33.45348  C =     33.45348 [cm^-1]
  Rotational constants: A = ************  B = 1002910.21295  C = 1002910.21295 [MHz]
  Nuclear repulsion =    0.529177210670000

  Charge       = 0
  Multiplicity = 1
  Electrons    = 2
  Nalpha       = 1
  Nbeta        = 1

  ==> Algorithm <==

  SCF Algorithm Type is PK.
  DIIS enabled.
  MOM disabled.
  Fractional occupation disabled.
  Guess Type is SAD.
  Energy threshold   = 1.00e-08
  Density threshold  = 1.00e-08
  Integral threshold = 1.00e-12

  ==> Primary Basis <==

  Basis Set: CC-PVDZ
    Blend: CC-PVDZ
    Number of shells: 6
    Number of basis functions: 10
    Number of Cartesian functions: 10
    Spherical Harmonics?: true
    Max angular momentum: 1

  ==> Integral Setup <==

  Using in-core PK algorithm.
   Calculation information:
      Number of atoms:                   2
      Number of AO shells:               6
      Number of primitives:             10
      Number of atomic orbitals:        10
      Number of basis functions:        10

      Integral cutoff                 1.00e-12
      Number of threads:                 1

  Performing in-core PK
  Using 3080 doubles for integral storage.
  We computed 231 shell quartets total.
  Whereas there are 231 unique shell quartets.

  ==> DiskJK: Disk-Based J/K Matrices <==

    J tasked:                  Yes
    K tasked:                  Yes
    wK tasked:                  No
    Memory [MiB]:              375
    Schwarz Cutoff:          1E-12

    OpenMP threads:              1

  Minimum eigenvalue in the overlap matrix is 2.3377152309E-01.
  Reciprocal condition number of the overlap matrix is 1.2474073930E-01.
    Using symmetric orthogonalization.

  ==> Pre-Iterations <==

  SCF Guess: Superposition of Atomic Densities via on-the-fly atomic UHF (no occupation information).

   -------------------------
    Irrep   Nso     Nmo    
   -------------------------
     Ag         3       3 
     B1g        0       0 
     B2g        1       1 
     B3g        1       1 
     Au         0       0 
     B1u        3       3 
     B2u        1       1 
     B3u        1       1 
   -------------------------
    Total      10      10
   -------------------------

  ==> Iterations <==

                        Total Energy        Delta E     RMS |[F,P]|

   @RHF iter SAD:    -0.83821031082801   -8.38210e-01   0.00000e+00 
   @RHF iter   1:    -1.09846572476544   -2.60255e-01   8.25729e-03 DIIS
   @RHF iter   2:    -1.10010178613905   -1.63606e-03   1.43770e-03 DIIS
   @RHF iter   3:    -1.10015371698349   -5.19308e-05   5.94752e-05 DIIS
   @RHF iter   4:    -1.10015376478315   -4.77997e-08   6.42536e-07 DIIS
   @RHF iter   5:    -1.10015376479352   -1.03746e-11   4.05908e-10 DIIS
  Energy and wave function converged.


  ==> Post-Iterations <==

    Orbital Energies [Eh]
    ---------------------

    Doubly Occupied:                                                      

       1Ag    -0.525044  

    Virtual:                                                              

       1B1u    0.143588     2Ag     0.539607     2B1u    0.794799  
       1B2u    1.287130     1B3u    1.287130     3Ag     1.679162  
       1B2g    1.871551     1B3g    1.871551     3B1u    2.735411  

    Final Occupation by Irrep:
             Ag   B1g   B2g   B3g    Au   B1u   B2u   B3u 
    DOCC [     1,    0,    0,    0,    0,    0,    0,    0 ]

  @RHF Final Energy:    -1.10015376479352

   => Energetics <=

    Nuclear Repulsion Energy =              0.5291772106699999
    One-Electron Energy =                  -2.2085745472342300
    Two-Electron Energy =                   0.5792435717707065
    Total Energy =                         -1.1001537647935236

Computation Completed


Properties will be evaluated at   0.000000,   0.000000,   0.000000 [a0]

Properties computed using the SCF density matrix

  Nuclear Dipole Moment: [e a0]
     X:     0.0000      Y:     0.0000      Z:     0.0000

  Electronic Dipole Moment: [e a0]
     X:     0.0000      Y:     0.0000      Z:     0.0000

  Dipole Moment: [e a0]
     X:     0.0000      Y:     0.0000      Z:     0.0000     Total:     0.0000

  Dipole Moment: [D]
     X:     0.0000      Y:     0.0000      Z:     0.0000     Total:     0.0000


*** tstop() called on CHE-FEVANGE at Mon May 31 14:22:02 2021
Module time:
	user time   =       0.29 seconds =       0.00 minutes
	system time =       0.01 seconds =       0.00 minutes
	total time  =          0 seconds =       0.00 minutes
Total time:
	user time   =       0.29 seconds =       0.00 minutes
	system time =       0.01 seconds =       0.00 minutes
	total time  =          0 seconds =       0.00 minutes
 MINTS: Wrapper to libmints.
   by Justin Turney

   Calculation information:
      Number of threads:                 1
      Number of atoms:                   2
      Number of AO shells:               6
      Number of SO shells:               3
      Number of primitives:             10
      Number of atomic orbitals:        10
      Number of basis functions:        10

      Number of irreps:                  8
      Integral cutoff                 1.00e-12
      Number of functions per irrep: [   3    0    1    1    0    3    1    1 ]

 OEINTS: Overlap, kinetic, potential, dipole, and quadrupole integrals
         stored in file 35.

      Computing two-electron integrals...done
      Computed 292 non-zero two-electron integrals.
        Stored in file 33.

 MINTS: Wrapper to libmints.
   by Justin Turney

   Calculation information:
      Number of threads:                 1
      Number of atoms:                   2
      Number of AO shells:               6
      Number of SO shells:               3
      Number of primitives:             10
      Number of atomic orbitals:        10
      Number of basis functions:        10

      Number of irreps:                  8
      Integral cutoff                 1.00e-12
      Number of functions per irrep: [   3    0    1    1    0    3    1    1 ]

 OEINTS: Overlap, kinetic, potential, dipole, and quadrupole integrals
         stored in file 35.

      Computing two-electron integrals...done
      Computed 292 non-zero two-electron integrals.
        Stored in file 33.


         ---------------------------------------------------------
                Multi-Configurational Self-Consistent Field
                            (a 'D E T C I' module)

                 Daniel G. A. Smith, C. David Sherrill, and
                              Matt L. Leininger
         ---------------------------------------------------------


   ==> Parameters <==

    EX LEVEL       =        2      H0 BLOCKSIZE  =     1000
    VAL EX LEVEL   =        0      H0 GUESS SIZE =     1000
    H0COUPLINGSIZE =        0      H0 COUPLING   =       NO
    MAXITER        =       12      NUM PRINT     =       20
    NUM ROOTS      =        1      ICORE         =        1
    PRINT LVL      =        1      FCI           =      YES
    R CONV         = 1.00e-07      MIXED         =      YES
    E CONV         = 1.00e-06      MIXED4        =      YES
    R4S            =       NO      REPL OTF      =       NO
    DIAG METHOD    =      SEM      FOLLOW ROOT   =        0
    PRECONDITIONER = DAVIDSON      UPDATE        = DAVIDSON
    S              =   0.0000      Ms0           =      YES
    GUESS VECTOR   =  H0BLOCK      OPENTYPE      =     NONE
    COLLAPSE SIZE  =        1      HD AVG        = EVANGELISTI
    MAX NUM VECS   =       13      REF SYM       =     AUTO
    IOPEN        =       NO

    EX ALLOW       =  1  1 
    STATE AVERAGE  =  0(1.00) 

   ==> CI Orbital and Space information <==

   ------------------------------------------------------------------------------
               Space    Total    Ag   B1g   B2g   B3g    Au   B1u   B2u   B3u
   ------------------------------------------------------------------------------
                 Nso       10     3     0     1     1     0     3     1     1
                 Nmo       10     3     0     1     1     0     3     1     1
               Ndocc        1     1     0     0     0     0     0     0     0
               Nsocc        0     0     0     0     0     0     0     0     0
   ------------------------------------------------------------------------------
                                    MCSCF Spaces
   ------------------------------------------------------------------------------
         Frozen DOCC        0     0     0     0     0     0     0     0     0
     Restricted DOCC        0     0     0     0     0     0     0     0     0
              Active        2     1     0     0     0     0     1     0     0
     Restricted UOCC        8     2     0     1     1     0     2     1     1
         Frozen UOCC        0     0     0     0     0     0     0     0     0
   ------------------------------------------------------------------------------

   ==> Setting up CI strings <==

    There are 2 alpha and 2 beta strings
    The CI space requires 2 (2.00E+00) determinants and 2 blocks

   ==> Setting up MCSCF integrals <==

  Using in-core PK algorithm.
   Calculation information:
      Number of atoms:                   2
      Number of AO shells:               6
      Number of primitives:             10
      Number of atomic orbitals:        10
      Number of basis functions:        10

      Integral cutoff                 1.00e-12
      Number of threads:                 1

  Performing in-core PK
  Using 3080 doubles for integral storage.
  We computed 231 shell quartets total.
  Whereas there are 231 unique shell quartets.

  ==> DiskJK: Disk-Based J/K Matrices <==

    J tasked:                  Yes
    K tasked:                  Yes
    wK tasked:                  No
    Memory [MiB]:              400
    Schwarz Cutoff:          1E-12

    OpenMP threads:              1


   ==> Starting MCSCF iterations <==

        Iter         Total Energy       Delta E   Orb RMS    CI RMS  NCI NORB
   @MCSCF  1:     -1.108337719536   -8.1840e-03  1.77e-02  2.18e-15    1    1  Initial CI
   @MCSCF  2:     -1.125840111104   -1.7502e-02  2.69e-02  1.60e-15    2    1  TS
   @MCSCF  3:     -1.127042477961   -1.2024e-03  7.59e-03  1.54e-15    1    1  TS
   @MCSCF  4:     -1.127179494835   -1.3702e-04  2.36e-03  7.07e-16    1    1  TS, DIIS
   @MCSCF  5:     -1.127196790170   -1.7295e-05  7.78e-04  7.51e-16    1    1  TS, DIIS
   @MCSCF  6:     -1.127199207298   -2.4171e-06  2.55e-04  3.54e-16    2    1  TS, DIIS
   @MCSCF  7:     -1.127199389480   -1.8218e-07  5.95e-05  1.60e-16    1    1  TS, DIIS
   @MCSCF  8:     -1.127199399856   -1.0377e-08  2.78e-06  4.20e-16    1    1  TS, DIIS

          @MCSCF has converged!

   @MCSCF Final Energy:   -1.127199399856466

   Computing CI Semicanonical Orbitals

   ==> Energetics <==

    SCF energy =           -1.100153764793524
    Total MCSCF energy =   -1.127199399856466

   ==> MCSCF root 0 information <==

    MCSCF Root 0 energy =    -1.127199399856466

   Active Space Natural occupation numbers:

        Ag   1.947774       B1u   0.052226

   The 2 most important determinants:

    *   1    0.986857  (    0,    0)  1AgX 
    *   2   -0.161595  (    1,    1)  1B1uX 



Properties will be evaluated at   0.000000,   0.000000,   0.000000 [a0]

Properties computed using the CASSCF density matrix

  Nuclear Dipole Moment: [e a0]
     X:     0.0000      Y:     0.0000      Z:     0.0000

  Electronic Dipole Moment: [e a0]
     X:     0.0000      Y:     0.0000      Z:     0.0000

  Dipole Moment: [e a0]
     X:     0.0000      Y:     0.0000      Z:     0.0000     Total:     0.0000

  Dipole Moment: [D]
     X:     0.0000      Y:     0.0000      Z:     0.0000     Total:     0.0000


    Psi4 stopped on: Monday, 31 May 2021 02:22PM
    Psi4 wall time for execution: 0:00:00.55

*** Psi4 exiting successfully. Buy a developer a beer!
