
    -----------------------------------------------------------------------
          Psi4: An Open-Source Ab Initio Electronic Structure Package
                               Psi4 undefined 

                         Git: Rev {fcidump_sym} 00c99be dirty


    R. M. Parrish, L. A. Burns, D. G. A. Smith, A. C. Simmonett,
    A. E. DePrince III, E. G. Hohenstein, U. Bozkaya, A. Yu. Sokolov,
    R. Di Remigio, R. M. Richard, J. F. Gonthier, A. M. James,
    H. R. McAlexander, A. Kumar, M. Saitow, X. Wang, B. P. Pritchard,
    P. Verma, H. F. Schaefer III, K. Patkowski, R. A. King, E. F. Valeev,
    F. A. Evangelista, J. M. Turney, T. D. Crawford, and C. D. Sherrill,
    J. Chem. Theory Comput. 13(7) pp 3185--3197 (2017).
    (doi: 10.1021/acs.jctc.7b00174)


                         Additional Contributions by
    P. Kraus, H. Kruse, M. H. Lechner, M. C. Schieber, R. A. Shaw,
    A. Alenaizan, R. Galvelis, Z. L. Glick, S. Lehtola, and J. P. Misiewicz

    -----------------------------------------------------------------------


    Psi4 started on: Monday, 06 July 2020 09:08PM

    Process ID: 94711
    Host:       CHE-FEVANGE-01I (2)
    PSIDATADIR: /Users/fevange/Source/psi4/objdir-Debug/stage/share/psi4
    Memory:     500.0 MiB
    Threads:    1
    
  ==> Input File <==

--------------------------------------------------------------------------
molecule {
0 1
H 0.0 0.0 0.0
H 0.0 0.0 1.0
H 0.0 2.0 0.0
H 0.0 2.0 1.0
units bohr
symmetry c1
}

set {
  basis sto-3g
  scf_type pk
  e_convergence 14
}

e, wfn = energy('fci',return_wfn=True)
fcidump(wfn,oe_ints=['EIGENVALUES'])
--------------------------------------------------------------------------

Scratch directory: /tmp/

*** tstart() called on CHE-FEVANGE-01I (2)
*** at Mon Jul  6 21:08:40 2020

   => Loading Basis Set <=

    Name: STO-3G
    Role: ORBITAL
    Keyword: BASIS
    atoms 1-4 entry H          line    19 file /Users/fevange/Source/psi4/objdir-Debug/stage/share/psi4/basis/sto-3g.gbs 


         ---------------------------------------------------------
                                   SCF
               by Justin Turney, Rob Parrish, Andy Simmonett
                          and Daniel G. A. Smith
                              RHF Reference
                        1 Threads,    500 MiB Core
         ---------------------------------------------------------

  ==> Geometry <==

    Molecular point group: c1
    Full point group: D2h

    Geometry (in Bohr), charge = 0, multiplicity = 1:

       Center              X                  Y                   Z               Mass       
    ------------   -----------------  -----------------  -----------------  -----------------
         H            0.000000000000    -1.000000000000    -0.500000000000     1.007825032230
         H            0.000000000000    -1.000000000000     0.500000000000     1.007825032230
         H            0.000000000000     1.000000000000    -0.500000000000     1.007825032230
         H            0.000000000000     1.000000000000     0.500000000000     1.007825032230

  Running in c1 symmetry.

  Rotational constants: A =     59.73228  B =     14.93307  C =     11.94646 [cm^-1]
  Rotational constants: A = 1790728.69418  B = 447682.17355  C = 358145.73884 [MHz]
  Nuclear repulsion =    3.894427190999916

  Charge       = 0
  Multiplicity = 1
  Electrons    = 4
  Nalpha       = 2
  Nbeta        = 2

  ==> Algorithm <==

  SCF Algorithm Type is PK.
  DIIS enabled.
  MOM disabled.
  Fractional occupation disabled.
  Guess Type is SAD.
  Energy threshold   = 1.00e-14
  Density threshold  = 1.00e-08
  Integral threshold = 0.00e+00

  ==> Primary Basis <==

  Basis Set: STO-3G
    Blend: STO-3G
    Number of shells: 4
    Number of basis function: 4
    Number of Cartesian functions: 4
    Spherical Harmonics?: true
    Max angular momentum: 0

  ==> Integral Setup <==

  Using in-core PK algorithm.
   Calculation information:
      Number of atoms:                   4
      Number of AO shells:               4
      Number of primitives:             12
      Number of atomic orbitals:         4
      Number of basis functions:         4

      Integral cutoff                 1.00e-12
      Number of threads:                 1

  Performing in-core PK
  Using 110 doubles for integral storage.
  We computed 55 shell quartets total.
  Whereas there are 55 unique shell quartets.

  ==> DiskJK: Disk-Based J/K Matrices <==

    J tasked:                  Yes
    K tasked:                  Yes
    wK tasked:                  No
    Memory [MiB]:              375
    Schwarz Cutoff:          1E-12

    OpenMP threads:              1

  Minimum eigenvalue in the overlap matrix is 1.3613945736E-01.
  Reciprocal condition number of the overlap matrix is 5.1279114618E-02.
    Using symmetric orthogonalization.

  ==> Pre-Iterations <==

  SCF Guess: Superposition of Atomic Densities via on-the-fly atomic UHF (no occupation information).

   -------------------------
    Irrep   Nso     Nmo    
   -------------------------
     A          4       4 
   -------------------------
    Total       4       4
   -------------------------

  ==> Iterations <==

                        Total Energy        Delta E     RMS |[F,P]|

   @RHF iter SAD:    -1.78069493638582   -1.78069e+00   0.00000e+00 
   @RHF iter   1:    -1.89514739100096   -1.14452e-01   2.67024e-16 DIIS
   @RHF iter   2:    -1.89514739100096    4.44089e-16   4.18014e-16 DIIS
  Energy and wave function converged.


  ==> Post-Iterations <==

    Orbital Energies [Eh]
    ---------------------

    Doubly Occupied:                                                      

       1A     -0.877453     2A     -0.458522  

    Virtual:                                                              

       3A      0.656575     4A      1.384960  

    Final Occupation by Irrep:
              A 
    DOCC [     2 ]

  @RHF Final Energy:    -1.89514739100096

   => Energetics <=

    Nuclear Repulsion Energy =              3.8944271909999157
    One-Electron Energy =                  -8.9071991920716016
    Two-Electron Energy =                   3.1176246100707226
    Total Energy =                         -1.8951473910009633

Computation Completed


Properties will be evaluated at   0.000000,   0.000000,   0.000000 [a0]

Properties computed using the SCF density matrix

  Nuclear Dipole Moment: [e a0]
     X:     0.0000      Y:     0.0000      Z:     0.0000

  Electronic Dipole Moment: [e a0]
     X:     0.0000      Y:    -0.0000      Z:     0.0000

  Dipole Moment: [e a0]
     X:     0.0000      Y:    -0.0000      Z:     0.0000     Total:     0.0000

  Dipole Moment: [D]
     X:     0.0000      Y:    -0.0000      Z:     0.0000     Total:     0.0000


*** tstop() called on CHE-FEVANGE-01I (2) at Mon Jul  6 21:08:40 2020
Module time:
	user time   =       0.35 seconds =       0.01 minutes
	system time =       0.01 seconds =       0.00 minutes
	total time  =          0 seconds =       0.00 minutes
Total time:
	user time   =       0.35 seconds =       0.01 minutes
	system time =       0.01 seconds =       0.00 minutes
	total time  =          0 seconds =       0.00 minutes
 MINTS: Wrapper to libmints.
   by Justin Turney

   Calculation information:
      Number of threads:                 1
      Number of atoms:                   4
      Number of AO shells:               4
      Number of SO shells:               4
      Number of primitives:             12
      Number of atomic orbitals:         4
      Number of basis functions:         4

      Number of irreps:                  1
      Integral cutoff                 0.00e+00
      Number of functions per irrep: [   4 ]

 OEINTS: Overlap, kinetic, potential, dipole, and quadrupole integrals
         stored in file 35.

      Computing two-electron integrals...done
      Computed 55 non-zero two-electron integrals.
        Stored in file 33.


         ---------------------------------------------------------
                          Configuration Interaction
                            (a 'D E T C I' module)

                 C. David Sherrill, Daniel G. A. Smith, and
                              Matt L. Leininger
         ---------------------------------------------------------


   ==> Parameters <==

    EX LEVEL       =        4      H0 BLOCKSIZE  =     1000
    VAL EX LEVEL   =        0      H0 GUESS SIZE =     1000
    H0COUPLINGSIZE =        0      H0 COUPLING   =       NO
    MAXITER        =       24      NUM PRINT     =       20
    NUM ROOTS      =        1      ICORE         =        1
    PRINT LVL      =        1      FCI           =      YES
    R CONV         = 1.00e-04      MIXED         =      YES
    E CONV         = 1.00e-14      MIXED4        =      YES
    R4S            =       NO      REPL OTF      =       NO
    DIAG METHOD    =      SEM      FOLLOW ROOT   =        0
    PRECONDITIONER = DAVIDSON      UPDATE        = DAVIDSON
    S              =   0.0000      Ms0           =      YES
    GUESS VECTOR   =  H0BLOCK      OPENTYPE      =     NONE
    COLLAPSE SIZE  =        1      HD AVG        = EVANGELISTI
    MAX NUM VECS   =       25      REF SYM       =     AUTO
    IOPEN        =       NO

    EX ALLOW       =  1  1  1  1 
    STATE AVERAGE  =  0(1.00) 

   ==> CI Orbital and Space information <==

   ------------------------------------
               Space    Total     A
   ------------------------------------
                 Nso        4     4
                 Nmo        4     4
               Ndocc        2     2
               Nsocc        0     0
   ------------------------------------
              CI Spaces
   ------------------------------------
        Dropped DOCC        0     0
              Active        4     4
        Dropped UOCC        0     0
   ------------------------------------

   ==> Setting up CI strings <==

    There are 6 alpha and 6 beta strings
    The CI space requires 36 (3.60E+01) determinants and 1 blocks

   ==> Transforming CI integrals <==

	Presorting SO-basis two-electron integrals.
	Sorting File: SO Ints (nn|nn) nbuckets = 1
	Transforming the one-electron integrals and constructing Fock matrices
	Starting first half-transformation.
	Sorting half-transformed integrals.
	First half integral transformation complete.
	Starting second half-transformation.
	Two-electron integral transformation complete.

   ==> Starting CI iterations <==

    H0 Block Eigenvalue =  -1.92652928

    Simultaneous Expansion Method (Block Davidson Method)
    Using 1 initial trial vectors

     Iter   Root       Total Energy       Delta E      C RMS

   @CI  0:     0     -1.926529278677   -5.8210E+00   3.1301E-02  
   @CI  1:     0     -1.926737641904   -2.0836E-04   1.7905E-03  
   @CI  2:     0     -1.926739012237   -1.3703E-06   9.1625E-05  
   @CI  3:     0     -1.926739016159   -3.9222E-09   9.0759E-06  
   @CI  4:     0     -1.926739016208   -4.8288E-11   2.0140E-06  
   @CI  5:     0     -1.926739016209   -1.4229E-12   2.9032E-07  
    Warning: Norm of correction (root 0) is < 1.0E-13
   @CI  6:     0     -1.926739016209   -2.3981E-14   6.9199E-09  
    Warning: Norm of correction (root 0) is < 1.0E-13
   @CI  7:     0     -1.926739016209   8.8818E-16   7.8269E-15 c

   ==> Energetics <==

    SCF energy =           -1.895147391000963
    Total CI energy =      -1.926739016209154

   ==> FCI root 0 information <==

    FCI Root 0 energy =    -1.926739016209154

   The 20 most important determinants:

    *   1    0.992790  (    0,    0)  1AX 2AX 
    *   2   -0.056358  (    1,    1)  1AX 3AX 
    *   3   -0.049936  (    2,    2)  2AX 3AX 
    *   4    0.044601  (    2,    3)  1AB 2AA 3AA 4AB 
    *   5    0.044601  (    3,    2)  1AA 2AB 3AB 4AA 
    *   6   -0.041870  (    3,    3)  1AX 4AX 
    *   7    0.032873  (    1,    4)  1AA 2AB 3AA 4AB 
    *   8    0.032873  (    4,    1)  1AB 2AA 3AB 4AA 
    *   9   -0.022019  (    4,    4)  2AX 4AX 
    *  10   -0.011728  (    0,    5)  1AA 2AA 3AB 4AB 
    *  11   -0.011728  (    5,    0)  1AB 2AB 3AA 4AA 
    *  12    0.006700  (    5,    5)  3AX 4AX 

		 "A good bug is a dead bug" 

			 - Starship Troopers

		 "I didn't write FORTRAN.  That's the problem."

			 - Edward Valeev
Writing integrals in FCIDUMP format to INTDUMP
 MINTS: Wrapper to libmints.
   by Justin Turney

   Calculation information:
      Number of threads:                 1
      Number of atoms:                   4
      Number of AO shells:               4
      Number of SO shells:               4
      Number of primitives:             12
      Number of atomic orbitals:         4
      Number of basis functions:         4

      Number of irreps:                  1
      Integral cutoff                 0.00e+00
      Number of functions per irrep: [   4 ]

 OEINTS: Overlap, kinetic, potential, dipole, and quadrupole integrals
         stored in file 35.

      Computing two-electron integrals...done
      Computed 55 non-zero two-electron integrals.
        Stored in file 33.

	Presorting SO-basis two-electron integrals.
	Sorting File: SO Ints (nn|nn) nbuckets = 1
	Transforming the one-electron integrals and constructing Fock matrices
	Starting first half-transformation.
	Sorting half-transformed integrals.
	First half integral transformation complete.
	Starting second half-transformation.
	Two-electron integral transformation complete.
Integral transformation complete!
Writing TEI integrals in FCIDUMP format to INTDUMP
Writing frozen core operator in FCIDUMP format to INTDUMP
Writing orbital energies in FCIDUMP format to INTDUMP
Writing frozen core + nuclear repulsion energy in FCIDUMP format to INTDUMP
Done generating INTDUMP with integrals in FCIDUMP format.

    Psi4 stopped on: Monday, 06 July 2020 09:08PM
    Psi4 wall time for execution: 0:00:00.52

*** Psi4 exiting successfully. Buy a developer a beer!
