  nmo_ = 4
  Nuclear repulsion energy:       3.894427191000
  Scalar energy:                  0.000000000000
  Frozen-core energt:             0.000000000000
  Alpha one-electron integrals (T + V_{en})
  h[     0][     0] =      -2.431457117290
  h[     1][     1] =      -2.022142478746
  h[     2][     2] =      -1.378311786471
  h[     3][     3] =      -0.746350055806
  Beta one-electron integrals (T + V_{en})
  h[     0][     0] =      -2.431457117290
  h[     1][     1] =      -2.022142478746
  h[     2][     2] =      -1.378311786471
  h[     3][     3] =      -0.746350055806
  Alpha-alpha two-electron integrals <pq||rs>
  v[     0][     1][     0][     1] =       0.398270865069
  v[     0][     1][     1][     0] =      -0.398270865069
  v[     0][     1][     2][     3] =       0.037020661884
  v[     0][     1][     3][     2] =      -0.037020661884
  v[     0][     2][     0][     2] =       0.446694385347
  v[     0][     2][     1][     3] =       0.095272148915
  v[     0][     2][     2][     0] =      -0.446694385347
  v[     0][     2][     3][     1] =      -0.095272148915
  v[     0][     3][     0][     3] =       0.502101713464
  v[     0][     3][     1][     2] =       0.058251487032
  v[     0][     3][     2][     1] =      -0.058251487032
  v[     0][     3][     3][     0] =      -0.502101713464
  v[     1][     0][     0][     1] =      -0.398270865069
  v[     1][     0][     1][     0] =       0.398270865069
  v[     1][     0][     2][     3] =      -0.037020661884
  v[     1][     0][     3][     2] =       0.037020661884
  v[     1][     2][     0][     3] =       0.058251487032
  v[     1][     2][     1][     2] =       0.479649390361
  v[     1][     2][     2][     1] =      -0.479649390361
  v[     1][     2][     3][     0] =      -0.058251487032
  v[     1][     3][     0][     2] =       0.095272148915
  v[     1][     3][     1][     3] =       0.467872030016
  v[     1][     3][     2][     0] =      -0.095272148915
  v[     1][     3][     3][     1] =      -0.467872030016
  v[     2][     0][     0][     2] =      -0.446694385347
  v[     2][     0][     1][     3] =      -0.095272148915
  v[     2][     0][     2][     0] =       0.446694385347
  v[     2][     0][     3][     1] =       0.095272148915
  v[     2][     1][     0][     3] =      -0.058251487032
  v[     2][     1][     1][     2] =      -0.479649390361
  v[     2][     1][     2][     1] =       0.479649390361
  v[     2][     1][     3][     0] =       0.058251487032
  v[     2][     3][     0][     1] =       0.037020661884
  v[     2][     3][     1][     0] =      -0.037020661884
  v[     2][     3][     2][     3] =       0.396873849971
  v[     2][     3][     3][     2] =      -0.396873849971
  v[     3][     0][     0][     3] =      -0.502101713464
  v[     3][     0][     1][     2] =      -0.058251487032
  v[     3][     0][     2][     1] =       0.058251487032
  v[     3][     0][     3][     0] =       0.502101713464
  v[     3][     1][     0][     2] =      -0.095272148915
  v[     3][     1][     1][     3] =      -0.467872030016
  v[     3][     1][     2][     0] =       0.095272148915
  v[     3][     1][     3][     1] =       0.467872030016
  v[     3][     2][     0][     1] =      -0.037020661884
  v[     3][     2][     1][     0] =       0.037020661884
  v[     3][     2][     2][     3] =      -0.396873849971
  v[     3][     2][     3][     2] =       0.396873849971
  Alpha-beta two-electron integrals <pq||rs>
  v[     0][     0][     0][     0] =       0.582817354039
  v[     0][     0][     1][     1] =       0.174645248086
  v[     0][     0][     2][     2] =       0.111970234023
  v[     0][     0][     3][     3] =       0.072870038569
  v[     0][     1][     0][     1] =       0.572916113155
  v[     0][     1][     1][     0] =       0.174645248086
  v[     0][     1][     2][     3] =       0.108516223959
  v[     0][     1][     3][     2] =       0.071495562075
  v[     0][     2][     0][     2] =       0.558664619370
  v[     0][     2][     1][     3] =       0.166767710990
  v[     0][     2][     2][     0] =       0.111970234023
  v[     0][     2][     3][     1] =       0.071495562075
  v[     0][     3][     0][     3] =       0.574971752033
  v[     0][     3][     1][     2] =       0.166767710990
  v[     0][     3][     2][     1] =       0.108516223959
  v[     0][     3][     3][     0] =       0.072870038569
  v[     1][     0][     0][     1] =       0.174645248086
  v[     1][     0][     1][     0] =       0.572916113155
  v[     1][     0][     2][     3] =       0.071495562075
  v[     1][     0][     3][     2] =       0.108516223959
  v[     1][     1][     0][     0] =       0.174645248086
  v[     1][     1][     1][     1] =       0.592433299584
  v[     1][     1][     2][     2] =       0.070228931556
  v[     1][     1][     3][     3] =       0.118492649489
  v[     1][     2][     0][     3] =       0.166767710990
  v[     1][     2][     1][     2] =       0.549878321917
  v[     1][     2][     2][     1] =       0.070228931556
  v[     1][     2][     3][     0] =       0.108516223959
  v[     1][     3][     0][     2] =       0.166767710990
  v[     1][     3][     1][     3] =       0.586364679505
  v[     1][     3][     2][     0] =       0.071495562075
  v[     1][     3][     3][     1] =       0.118492649489
  v[     2][     0][     0][     2] =       0.111970234023
  v[     2][     0][     1][     3] =       0.071495562075
  v[     2][     0][     2][     0] =       0.558664619370
  v[     2][     0][     3][     1] =       0.166767710990
  v[     2][     1][     0][     3] =       0.108516223959
  v[     2][     1][     1][     2] =       0.070228931556
  v[     2][     1][     2][     1] =       0.549878321917
  v[     2][     1][     3][     0] =       0.166767710990
  v[     2][     2][     0][     0] =       0.111970234023
  v[     2][     2][     1][     1] =       0.070228931556
  v[     2][     2][     2][     2] =       0.565624547581
  v[     2][     2][     3][     3] =       0.181891632052
  v[     2][     3][     0][     1] =       0.108516223959
  v[     2][     3][     1][     0] =       0.071495562075
  v[     2][     3][     2][     3] =       0.578765482024
  v[     2][     3][     3][     2] =       0.181891632052
  v[     3][     0][     0][     3] =       0.072870038569
  v[     3][     0][     1][     2] =       0.108516223959
  v[     3][     0][     2][     1] =       0.166767710990
  v[     3][     0][     3][     0] =       0.574971752033
  v[     3][     1][     0][     2] =       0.071495562075
  v[     3][     1][     1][     3] =       0.118492649489
  v[     3][     1][     2][     0] =       0.166767710990
  v[     3][     1][     3][     1] =       0.586364679505
  v[     3][     2][     0][     1] =       0.071495562075
  v[     3][     2][     1][     0] =       0.108516223959
  v[     3][     2][     2][     3] =       0.181891632052
  v[     3][     2][     3][     2] =       0.578765482024
  v[     3][     3][     0][     0] =       0.072870038569
  v[     3][     3][     1][     1] =       0.118492649489
  v[     3][     3][     2][     2] =       0.181891632052
  v[     3][     3][     3][     3] =       0.613516882963
  Beta-beta two-electron integrals <pq||rs>
  v[     0][     1][     0][     1] =       0.398270865069
  v[     0][     1][     1][     0] =      -0.398270865069
  v[     0][     1][     2][     3] =       0.037020661884
  v[     0][     1][     3][     2] =      -0.037020661884
  v[     0][     2][     0][     2] =       0.446694385347
  v[     0][     2][     1][     3] =       0.095272148915
  v[     0][     2][     2][     0] =      -0.446694385347
  v[     0][     2][     3][     1] =      -0.095272148915
  v[     0][     3][     0][     3] =       0.502101713464
  v[     0][     3][     1][     2] =       0.058251487032
  v[     0][     3][     2][     1] =      -0.058251487032
  v[     0][     3][     3][     0] =      -0.502101713464
  v[     1][     0][     0][     1] =      -0.398270865069
  v[     1][     0][     1][     0] =       0.398270865069
  v[     1][     0][     2][     3] =      -0.037020661884
  v[     1][     0][     3][     2] =       0.037020661884
  v[     1][     2][     0][     3] =       0.058251487032
  v[     1][     2][     1][     2] =       0.479649390361
  v[     1][     2][     2][     1] =      -0.479649390361
  v[     1][     2][     3][     0] =      -0.058251487032
  v[     1][     3][     0][     2] =       0.095272148915
  v[     1][     3][     1][     3] =       0.467872030016
  v[     1][     3][     2][     0] =      -0.095272148915
  v[     1][     3][     3][     1] =      -0.467872030016
  v[     2][     0][     0][     2] =      -0.446694385347
  v[     2][     0][     1][     3] =      -0.095272148915
  v[     2][     0][     2][     0] =       0.446694385347
  v[     2][     0][     3][     1] =       0.095272148915
  v[     2][     1][     0][     3] =      -0.058251487032
  v[     2][     1][     1][     2] =      -0.479649390361
  v[     2][     1][     2][     1] =       0.479649390361
  v[     2][     1][     3][     0] =       0.058251487032
  v[     2][     3][     0][     1] =       0.037020661884
  v[     2][     3][     1][     0] =      -0.037020661884
  v[     2][     3][     2][     3] =       0.396873849971
  v[     2][     3][     3][     2] =      -0.396873849971
  v[     3][     0][     0][     3] =      -0.502101713464
  v[     3][     0][     1][     2] =      -0.058251487032
  v[     3][     0][     2][     1] =       0.058251487032
  v[     3][     0][     3][     0] =       0.502101713464
  v[     3][     1][     0][     2] =      -0.095272148915
  v[     3][     1][     1][     3] =      -0.467872030016
  v[     3][     1][     2][     0] =       0.095272148915
  v[     3][     1][     3][     1] =       0.467872030016
  v[     3][     2][     0][     1] =      -0.037020661884
  v[     3][     2][     1][     0] =       0.037020661884
  v[     3][     2][     2][     3] =      -0.396873849971
  v[     3][     2][     3][     2] =       0.396873849971
