
    -----------------------------------------------------------------------
          Psi4: An Open-Source Ab Initio Electronic Structure Package
                               Psi4 undefined 

                         Git: Rev {fcidump_sym} bbd3aa3 dirty


    R. M. Parrish, L. A. Burns, D. G. A. Smith, A. C. Simmonett,
    A. E. DePrince III, E. G. Hohenstein, U. Bozkaya, A. Yu. Sokolov,
    R. Di Remigio, R. M. Richard, J. F. Gonthier, A. M. James,
    H. R. McAlexander, A. Kumar, M. Saitow, X. Wang, B. P. Pritchard,
    P. Verma, H. F. Schaefer III, K. Patkowski, R. A. King, E. F. Valeev,
    F. A. Evangelista, J. M. Turney, T. D. Crawford, and C. D. Sherrill,
    J. Chem. Theory Comput. 13(7) pp 3185--3197 (2017).
    (doi: 10.1021/acs.jctc.7b00174)


                         Additional Contributions by
    P. Kraus, H. Kruse, M. H. Lechner, M. C. Schieber, R. A. Shaw,
    A. Alenaizan, R. Galvelis, Z. L. Glick, S. Lehtola, and J. P. Misiewicz

    -----------------------------------------------------------------------


    Psi4 started on: Sunday, 05 July 2020 03:49PM

    Process ID: 95416
    Host:       CHE-FEVANGE-01I (2)
    PSIDATADIR: /Users/fevange/Source/psi4/objdir-Debug/stage/share/psi4
    Memory:     500.0 MiB
    Threads:    1
    
  ==> Input File <==

--------------------------------------------------------------------------
molecule {
0 1
C
O 1 R
R = 2.5
units bohr
}

set {
  basis cc-pVDZ
  scf_type pk
  e_convergence 14
}

e, wfn = energy('scf',return_wfn=True)
fcidump(wfn,oe_ints=['EIGENVALUES'])
--------------------------------------------------------------------------

Scratch directory: /tmp/

*** tstart() called on CHE-FEVANGE-01I (2)
*** at Sun Jul  5 15:49:22 2020

   => Loading Basis Set <=

    Name: CC-PVDZ
    Role: ORBITAL
    Keyword: BASIS
    atoms 1 entry C          line   138 file /Users/fevange/Source/psi4/objdir-Debug/stage/share/psi4/basis/cc-pvdz.gbs 
    atoms 2 entry O          line   198 file /Users/fevange/Source/psi4/objdir-Debug/stage/share/psi4/basis/cc-pvdz.gbs 


         ---------------------------------------------------------
                                   SCF
               by Justin Turney, Rob Parrish, Andy Simmonett
                          and Daniel G. A. Smith
                              RHF Reference
                        1 Threads,    500 MiB Core
         ---------------------------------------------------------

  ==> Geometry <==

    Molecular point group: c2v
    Full point group: C_inf_v

    Geometry (in Bohr), charge = 0, multiplicity = 1:

       Center              X                  Y                   Z               Mass       
    ------------   -----------------  -----------------  -----------------  -----------------
         C            0.000000000000     0.000000000000    -1.428376799584    12.000000000000
         O            0.000000000000     0.000000000000     1.071623200416    15.994914619570

  Running in c2v symmetry.

  Rotational constants: A = ************  B =      1.40485  C =      1.40485 [cm^-1]
  Rotational constants: A = ************  B =  42116.36604  C =  42116.36604 [MHz]
  Nuclear repulsion =   19.199999999999999

  Charge       = 0
  Multiplicity = 1
  Electrons    = 14
  Nalpha       = 7
  Nbeta        = 7

  ==> Algorithm <==

  SCF Algorithm Type is PK.
  DIIS enabled.
  MOM disabled.
  Fractional occupation disabled.
  Guess Type is SAD.
  Energy threshold   = 1.00e-14
  Density threshold  = 1.00e-06
  Integral threshold = 0.00e+00

  ==> Primary Basis <==

  Basis Set: CC-PVDZ
    Blend: CC-PVDZ
    Number of shells: 12
    Number of basis function: 28
    Number of Cartesian functions: 30
    Spherical Harmonics?: true
    Max angular momentum: 2

  ==> Integral Setup <==

  Using in-core PK algorithm.
   Calculation information:
      Number of atoms:                   2
      Number of AO shells:              12
      Number of primitives:             44
      Number of atomic orbitals:        30
      Number of basis functions:        28

      Integral cutoff                 1.00e-12
      Number of threads:                 1

  Performing in-core PK
  Using 165242 doubles for integral storage.
  We computed 3081 shell quartets total.
  Whereas there are 3081 unique shell quartets.

  ==> DiskJK: Disk-Based J/K Matrices <==

    J tasked:                  Yes
    K tasked:                  Yes
    wK tasked:                  No
    Memory [MiB]:              375
    Schwarz Cutoff:          1E-12

    OpenMP threads:              1

  Minimum eigenvalue in the overlap matrix is 2.7687038876E-02.
  Reciprocal condition number of the overlap matrix is 9.5085040968E-03.
    Using symmetric orthogonalization.

  ==> Pre-Iterations <==

  SCF Guess: Superposition of Atomic Densities via on-the-fly atomic UHF (no occupation information).

   -------------------------
    Irrep   Nso     Nmo    
   -------------------------
     A1        14      14 
     A2         2       2 
     B1         6       6 
     B2         6       6 
   -------------------------
    Total      28      28
   -------------------------

  ==> Iterations <==

                        Total Energy        Delta E     RMS |[F,P]|

   @RHF iter SAD:  -111.48788468537578   -1.11488e+02   0.00000e+00 
   @RHF iter   1:  -112.61084325966209   -1.12296e+00   2.25946e-02 DIIS
   @RHF iter   2:  -112.59459556308829    1.62477e-02   2.66129e-02 DIIS
   @RHF iter   3:  -112.67040765073028   -7.58121e-02   1.21748e-03 DIIS
   @RHF iter   4:  -112.67062494307605   -2.17292e-04   2.76429e-04 DIIS
   @RHF iter   5:  -112.67064503639186   -2.00933e-05   9.25582e-05 DIIS
   @RHF iter   6:  -112.67064796957526   -2.93318e-06   4.10112e-05 DIIS
   @RHF iter   7:  -112.67064845217180   -4.82597e-07   6.28561e-06 DIIS
   @RHF iter   8:  -112.67064846440404   -1.22322e-08   5.35085e-07 DIIS
   @RHF iter   9:  -112.67064846447578   -7.17364e-11   6.18720e-08 DIIS
   @RHF iter  10:  -112.67064846447633   -5.54223e-13   6.50991e-09 DIIS
   @RHF iter  11:  -112.67064846447633    0.00000e+00   4.29987e-10 DIIS
  Energy and wave function converged.


  ==> Post-Iterations <==

    Orbital Energies [Eh]
    ---------------------

    Doubly Occupied:                                                      

       1A1   -20.667041     2A1   -11.440758     3A1    -1.399553  
       4A1    -0.788971     1B2    -0.560795     1B1    -0.560795  
       5A1    -0.558983  

    Virtual:                                                              

       2B2     0.082292     2B1     0.082292     6A1     0.354925  
       3B2     0.664269     3B1     0.664269     7A1     0.702632  
       8A1     0.749441     9A1     1.114086     4B2     1.243756  
       4B1     1.243756    10A1     1.335631     1A2     1.335631  
       5B2     1.443578     5B1     1.443578    11A1     1.944786  
      12A1     2.029140     2A2     2.929978    13A1     2.929978  
       6B1     3.252559     6B2     3.252559    14A1     3.605311  

    Final Occupation by Irrep:
             A1    A2    B1    B2 
    DOCC [     5,    0,    1,    1 ]

  @RHF Final Energy:  -112.67064846447633

   => Energetics <=

    Nuclear Repulsion Energy =             19.1999999999999993
    One-Electron Energy =                -191.7875051850073191
    Two-Electron Energy =                  59.9168567205309941
    Total Energy =                       -112.6706484644763293

Computation Completed


Properties will be evaluated at   0.000000,   0.000000,   0.000000 [a0]

Properties computed using the SCF density matrix

  Nuclear Dipole Moment: [e a0]
     X:     0.0000      Y:     0.0000      Z:     0.0027

  Electronic Dipole Moment: [e a0]
     X:     0.0000      Y:     0.0000      Z:    -0.4784

  Dipole Moment: [e a0]
     X:     0.0000      Y:     0.0000      Z:    -0.4757     Total:     0.4757

  Dipole Moment: [D]
     X:     0.0000      Y:     0.0000      Z:    -1.2090     Total:     1.2090


*** tstop() called on CHE-FEVANGE-01I (2) at Sun Jul  5 15:49:23 2020
Module time:
	user time   =       0.75 seconds =       0.01 minutes
	system time =       0.02 seconds =       0.00 minutes
	total time  =          1 seconds =       0.02 minutes
Total time:
	user time   =       0.75 seconds =       0.01 minutes
	system time =       0.02 seconds =       0.00 minutes
	total time  =          1 seconds =       0.02 minutes
Writing integrals in FCIDUMP format to INTDUMP
 MINTS: Wrapper to libmints.
   by Justin Turney

   Calculation information:
      Number of threads:                 1
      Number of atoms:                   2
      Number of AO shells:              12
      Number of SO shells:              12
      Number of primitives:             44
      Number of atomic orbitals:        30
      Number of basis functions:        28

      Number of irreps:                  4
      Integral cutoff                 0.00e+00
      Number of functions per irrep: [  14    2    6    6 ]

 OEINTS: Overlap, kinetic, potential, dipole, and quadrupole integrals
         stored in file 35.

      Computing two-electron integrals...done
      Computed 19360 non-zero two-electron integrals.
        Stored in file 33.

	Presorting SO-basis two-electron integrals.
	Sorting File: SO Ints (nn|nn) nbuckets = 1
	Transforming the one-electron integrals and constructing Fock matrices
	Starting first half-transformation.
	Sorting half-transformed integrals.
	First half integral transformation complete.
	Starting second half-transformation.
	Two-electron integral transformation complete.
Integral transformation complete!
Writing TEI integrals in FCIDUMP format to INTDUMP
Writing frozen core operator in FCIDUMP format to INTDUMP
Writing orbital energies in FCIDUMP format to INTDUMP
Writing frozen core + nuclear repulsion energy in FCIDUMP format to INTDUMP
Done generating INTDUMP with integrals in FCIDUMP format.

    Psi4 stopped on: Sunday, 05 July 2020 03:49PM
    Psi4 wall time for execution: 0:00:01.23

*** Psi4 exiting successfully. Buy a developer a beer!
