
    -----------------------------------------------------------------------
          Psi4: An Open-Source Ab Initio Electronic Structure Package
                               Psi4 undefined 

                         Git: Rev {fcidump_sym} 00c99be dirty


    R. M. Parrish, L. A. Burns, D. G. A. Smith, A. C. Simmonett,
    A. E. DePrince III, E. G. Hohenstein, U. Bozkaya, A. Yu. Sokolov,
    R. Di Remigio, R. M. Richard, J. F. Gonthier, A. M. James,
    H. R. McAlexander, A. Kumar, M. Saitow, X. Wang, B. P. Pritchard,
    P. Verma, H. F. Schaefer III, K. Patkowski, R. A. King, E. F. Valeev,
    F. A. Evangelista, J. M. Turney, T. D. Crawford, and C. D. Sherrill,
    J. Chem. Theory Comput. 13(7) pp 3185--3197 (2017).
    (doi: 10.1021/acs.jctc.7b00174)


                         Additional Contributions by
    P. Kraus, H. Kruse, M. H. Lechner, M. C. Schieber, R. A. Shaw,
    A. Alenaizan, R. Galvelis, Z. L. Glick, S. Lehtola, and J. P. Misiewicz

    -----------------------------------------------------------------------


    Psi4 started on: Wednesday, 08 July 2020 05:29PM

    Process ID: 13128
    Host:       CHE-FEVANGE-01I (2)
    PSIDATADIR: /Users/fevange/Source/psi4/objdir-Debug/stage/share/psi4
    Memory:     500.0 MiB
    Threads:    1
    
  ==> Input File <==

--------------------------------------------------------------------------
#! Generated using commit GITCOMMIT

import forte

refcasscf    = -112.881481489289456
refpt2       = -113.10564937040 #-113.10564937477
refpt2_relax = -113.10890275212
refdm        =    0.078159
refdm_relax  =    0.008678

molecule CO{
  0 1
  C
  O  1 1.128
}

set {
  basis                  cc-pcvdz
  reference              rhf
  scf_type               out_of_core
  maxiter                300
  e_convergence          10
  d_convergence          8
  docc                   [5,0,1,1]
}

Ecasscf, wfn_cas = energy('scf', return_wfn=True)
fcidump(wfn_cas,oe_ints=['EIGENVALUES'],write_pntgrp=True)
#compare_values(refcasscf,variable("CURRENT ENERGY"),10,"CASSCF energy")

--------------------------------------------------------------------------

Scratch directory: /tmp/

*** tstart() called on CHE-FEVANGE-01I (2)
*** at Wed Jul  8 17:29:05 2020

   => Loading Basis Set <=

    Name: CC-PCVDZ
    Role: ORBITAL
    Keyword: BASIS
    atoms 1 entry C          line   178 file /Users/fevange/Source/psi4/objdir-Debug/stage/share/psi4/basis/cc-pcvdz.gbs 
    atoms 2 entry O          line   246 file /Users/fevange/Source/psi4/objdir-Debug/stage/share/psi4/basis/cc-pcvdz.gbs 


         ---------------------------------------------------------
                                   SCF
               by Justin Turney, Rob Parrish, Andy Simmonett
                          and Daniel G. A. Smith
                              RHF Reference
                        1 Threads,    500 MiB Core
         ---------------------------------------------------------

  ==> Geometry <==

    Molecular point group: c2v
    Full point group: C_inf_v

    Geometry (in Angstrom), charge = 0, multiplicity = 1:

       Center              X                  Y                   Z               Mass       
    ------------   -----------------  -----------------  -----------------  -----------------
         C            0.000000000000     0.000000000000    -0.644483611972    12.000000000000
         O            0.000000000000     0.000000000000     0.483516388028    15.994914619570

  Running in c2v symmetry.

  Rotational constants: A = ************  B =      1.93239  C =      1.93239 [cm^-1]
  Rotational constants: A = ************  B =  57931.52687  C =  57931.52687 [MHz]
  Nuclear repulsion =   22.518179177446818

  Charge       = 0
  Multiplicity = 1
  Electrons    = 14
  Nalpha       = 7
  Nbeta        = 7

  ==> Algorithm <==

  SCF Algorithm Type is OUT_OF_CORE.
  DIIS enabled.
  MOM disabled.
  Fractional occupation disabled.
  Guess Type is SAD.
  Energy threshold   = 1.00e-10
  Density threshold  = 1.00e-08
  Integral threshold = 0.00e+00

  ==> Primary Basis <==

  Basis Set: CC-PCVDZ
    Blend: CC-PCVDZ
    Number of shells: 16
    Number of basis function: 36
    Number of Cartesian functions: 38
    Spherical Harmonics?: true
    Max angular momentum: 2

  ==> Integral Setup <==

  ==> DiskJK: Disk-Based J/K Matrices <==

    J tasked:                  Yes
    K tasked:                  Yes
    wK tasked:                  No
    Memory [MiB]:              375
    Schwarz Cutoff:          1E-12

  Minimum eigenvalue in the overlap matrix is 2.0505153821E-02.
  Reciprocal condition number of the overlap matrix is 6.5686881376E-03.
    Using symmetric orthogonalization.

  ==> Pre-Iterations <==

  SCF Guess: Superposition of Atomic Densities via on-the-fly atomic UHF (no occupation information).

   -------------------------
    Irrep   Nso     Nmo    
   -------------------------
     A1        18      18 
     A2         2       2 
     B1         8       8 
     B2         8       8 
   -------------------------
    Total      36      36
   -------------------------

  ==> Iterations <==

                        Total Energy        Delta E     RMS |[F,P]|

   @RHF iter SAD:  -111.88996774534559   -1.11890e+02   0.00000e+00 
   @RHF iter   1:  -112.72731115785280   -8.37343e-01   1.17690e-02 DIIS
   @RHF iter   2:  -112.73600273753493   -8.69158e-03   9.44286e-03 DIIS
   @RHF iter   3:  -112.74993141249799   -1.39287e-02   7.12800e-04 DIIS
   @RHF iter   4:  -112.75004012308787   -1.08711e-04   1.08762e-04 DIIS
   @RHF iter   5:  -112.75004315377578   -3.03069e-06   2.28745e-05 DIIS
   @RHF iter   6:  -112.75004330906319   -1.55287e-07   3.37580e-06 DIIS
   @RHF iter   7:  -112.75004331336623   -4.30305e-09   8.28187e-07 DIIS
   @RHF iter   8:  -112.75004331359224   -2.26009e-10   1.98285e-07 DIIS
   @RHF iter   9:  -112.75004331360623   -1.39835e-11   2.66679e-08 DIIS
   @RHF iter  10:  -112.75004331360658   -3.55271e-13   1.52741e-09 DIIS
  Energy and wave function converged.


  ==> Post-Iterations <==

    Orbital Energies [Eh]
    ---------------------

    Doubly Occupied:                                                      

       1A1   -20.668890     2A1   -11.365963     3A1    -1.523140  
       4A1    -0.802554     1B1    -0.634873     1B2    -0.634873  
       5A1    -0.549177  

    Virtual:                                                              

       2B1     0.154401     2B2     0.154401     6A1     0.380852  
       3B2     0.670613     3B1     0.670613     7A1     0.701250  
       8A1     0.986742     9A1     1.059106     4B1     1.221623  
       4B2     1.221623     1A2     1.343977    10A1     1.343977  
       5B1     1.557876     5B2     1.557876    11A1     1.851977  
      12A1     2.296636    13A1     2.936755     2A2     2.936755  
       6B2     3.425935     6B1     3.425935    14A1     3.835986  
      15A1    19.382076     7B1    22.459965     7B2    22.459965  
      16A1    23.403736    17A1    34.440172     8B2    39.147618  
       8B1    39.147618    18A1    39.842295  

    Final Occupation by Irrep:
             A1    A2    B1    B2 
    DOCC [     5,    0,    1,    1 ]

  @RHF Final Energy:  -112.75004331360658

   => Energetics <=

    Nuclear Repulsion Energy =             22.5181791774468181
    One-Electron Energy =                -198.1775054190079004
    Two-Electron Energy =                  62.9092829279544858
    Total Energy =                       -112.7500433136065965

Computation Completed


Properties will be evaluated at   0.000000,   0.000000,   0.000000 [a0]

Properties computed using the SCF density matrix

  Nuclear Dipole Moment: [e a0]
     X:     0.0000      Y:     0.0000      Z:     0.0023

  Electronic Dipole Moment: [e a0]
     X:     0.0000      Y:     0.0000      Z:    -0.0935

  Dipole Moment: [e a0]
     X:     0.0000      Y:     0.0000      Z:    -0.0912     Total:     0.0912

  Dipole Moment: [D]
     X:     0.0000      Y:     0.0000      Z:    -0.2318     Total:     0.2318


*** tstop() called on CHE-FEVANGE-01I (2) at Wed Jul  8 17:29:06 2020
Module time:
	user time   =       0.74 seconds =       0.01 minutes
	system time =       0.03 seconds =       0.00 minutes
	total time  =          1 seconds =       0.02 minutes
Total time:
	user time   =       0.74 seconds =       0.01 minutes
	system time =       0.03 seconds =       0.00 minutes
	total time  =          1 seconds =       0.02 minutes
Writing integrals in FCIDUMP format to INTDUMP
	Presorting SO-basis two-electron integrals.
	Sorting File: SO Ints (nn|nn) nbuckets = 1
	Transforming the one-electron integrals and constructing Fock matrices
	Starting first half-transformation.
	Sorting half-transformed integrals.
	First half integral transformation complete.
	Starting second half-transformation.
	Two-electron integral transformation complete.
Integral transformation complete!
Writing TEI integrals in FCIDUMP format to INTDUMP
Writing frozen core operator in FCIDUMP format to INTDUMP
Writing orbital energies in FCIDUMP format to INTDUMP
Writing frozen core + nuclear repulsion energy in FCIDUMP format to INTDUMP
Done generating INTDUMP with integrals in FCIDUMP format.

    Psi4 stopped on: Wednesday, 08 July 2020 05:29PM
    Psi4 wall time for execution: 0:00:01.44

*** Psi4 exiting successfully. Buy a developer a beer!
